DTLevelSheet,version=2.1:platform=Jaguar:toprow=-1:leftcol=-1:rightcol=-1	Pin Levels

	Pin/Group	Seq.	Parameter	Value	Comment	
	LDO9		vil	=_LDO9_VIL_VAR	
	LDO9		vih	=_LDO9_VIH_VAR	
	LDO9		vol	=_LDO9_VOL_VAR	
	LDO9		voh	=_LDO9_VOH_VAR	
	LDO9		voh_alt1	=0	
	LDO9		voh_alt2	=0	
	LDO9		iol	=0	
	LDO9		ioh	=0	
	LDO9		vt	=_LDO9_VT_VAR	
	LDO9		vcl	=-1	
	LDO9		vch	=5.5	
	LDO9		voutLoTyp	=0	
	LDO9		voutHiTyp	=0	
	LDO9		driverMode	HiZ	
	VDDIO_1V2		vil	=_VDDIO_1V2_VIL_VAR	
	VDDIO_1V2		vih	=_VDDIO_1V2_VIH_VAR	
	VDDIO_1V2		vol	=_VDDIO_1V2_VOL_VAR	
	VDDIO_1V2		voh	=_VDDIO_1V2_VOH_VAR	
	VDDIO_1V2		voh_alt1	=0	
	VDDIO_1V2		voh_alt2	=0	
	VDDIO_1V2		iol	=0	
	VDDIO_1V2		ioh	=0	
	VDDIO_1V2		vt	=_VDDIO_1V2_VT_VAR	
	VDDIO_1V2		vcl	=-1	
	VDDIO_1V2		vch	=5.5	
	VDDIO_1V2		voutLoTyp	=0	
	VDDIO_1V2		voutHiTyp	=0	
	VDDIO_1V2		driverMode	HiZ	
	VDD_ANA		vil	=_VDD_ANA_VIL_VAR	
	VDD_ANA		vih	=_VDD_ANA_VIH_VAR	
	VDD_ANA		vol	=_VDD_ANA_VOL_VAR	
	VDD_ANA		voh	=_VDD_ANA_VOH_VAR	
	VDD_ANA		voh_alt1	=0	
	VDD_ANA		voh_alt2	=0	
	VDD_ANA		iol	=0	
	VDD_ANA		ioh	=0	
	VDD_ANA		vt	=_VDD_ANA_VT_VAR	
	VDD_ANA		vcl	=-1	
	VDD_ANA		vch	=5.5	
	VDD_ANA		voutLoTyp	=0	
	VDD_ANA		voutHiTyp	=0	
	VDD_ANA		driverMode	HiZ	
