# This file was generated on 2010-03-11 at 00:00:00.

#TesterConfig.txt loaded from: 

# In order to load this configuration information in a pre-3.64.50
# version of IG-XL, it must be converted to the version 0 format.
# To convert this file from version 1 to version 0:
#	1. Make a backup of this file.
#	2. Copy the information between the tags <TEST_HEAD TH 1> and </TEST_HEAD TH 1>,
#	   paste it into a new file, and save that file as SimulatedConfig.txt in the current test program's directory.
#	3. Copy the information between the tags <BACKPLANE-DIB_CABLES TH 1> and </BACKPLANE-DIB_CABLES TH 1>,
#	   paste it into a new file, and save that file as DibSlotConfig.txt in the current test program's directory.

<Version>
1
</Version>

<TESTER_INFO TI 1>
TESTER SERIAL NUMBER: 1427F331R
TESTER PRODUCTION NUMBER: UF3291R
IG-XL VERSION: 8.30.00_uflx (P110)
IG-XL BUILD: 08.04.16.12.11
CONFIG DATE: 2010-03-11
CONFIG TIME: 00:00:00
</TESTER_INFO TI 1>

<TEST_HEAD TH 1>
#slot[.subslot]	Type		idprom (type serial rev company)
6		DC-07		604-375-12 0C39E763 1745-A 5445
		aka: 604-375-00		
		DC-07		939-420-01 0C3A2917 1741-A 5445
		aka: 939-420-00		
		DC-07Rider-0		604-534-02 0C3A1B0E 1741-A 5445
		aka: 604-534-00		
		DC-07Rider-1		610-617-02 0C3A26C2 1741-A 5445
		aka: 610-617-00		
		DC-07Power		608-807-01 0C3A2932 1741-A 5445
		aka: 608-807-00		
7		DC-07		604-375-12 0C39E763 1745-A 5445
		aka: 604-375-00		
		DC-07		939-420-01 0C3A2917 1741-A 5445
		aka: 939-420-00		
		DC-07Rider-0		604-534-02 0C3A1B0E 1741-A 5445
		aka: 604-534-00		
		DC-07Rider-1		610-617-02 0C3A26C2 1741-A 5445
		aka: 610-617-00		
		DC-07Power		608-807-01 0C3A2932 1741-A 5445
		aka: 608-807-00		
8		DC-07		604-375-12 0C39E763 1745-A 5445
		aka: 604-375-00		
		DC-07		939-420-01 0C3A2917 1741-A 5445
		aka: 939-420-00		
		DC-07Rider-0		604-534-02 0C3A1B0E 1741-A 5445
		aka: 604-534-00		
		DC-07Rider-1		610-617-02 0C3A26C2 1741-A 5445
		aka: 610-617-00		
		DC-07Power		608-807-01 0C3A2932 1741-A 5445
		aka: 608-807-00		
9		DC-07		604-375-12 0C39E763 1745-A 5445
		aka: 604-375-00		
		DC-07		939-420-01 0C3A2917 1741-A 5445
		aka: 939-420-00		
		DC-07Rider-0		604-534-02 0C3A1B0E 1741-A 5445
		aka: 604-534-00		
		DC-07Rider-1		610-617-02 0C3A26C2 1741-A 5445
		aka: 610-617-00		
		DC-07Power		608-807-01 0C3A2932 1741-A 5445
		aka: 608-807-00		
10		DC-30		974-217-30 0C0CDE39 1206-C 5445
		aka: 805-002-03,805-002-00		
		DC-30		956-085-10 0C0CD998 1206-C 5445
		aka: 949-901-00		
		DC-30Rider		956-108-00 0C0B64DB 1206-B 5445
		aka: 949-904-00		
		PowerBoard		949-955-02 0C0CD954 1012-E 5445
		aka: 949-955-00		
11		DC-30		974-217-30 0C0CDE39 1206-C 5445
		aka: 805-002-03,805-002-00		
		DC-30		956-085-10 0C0CD998 1206-C 5445
		aka: 949-901-00		
		DC-30Rider		956-108-00 0C0B64DB 1206-B 5445
		aka: 949-904-00		
		PowerBoard		949-955-02 0C0CD954 1012-E 5445
		aka: 949-955-00		
12		DC-30		974-217-30 0C0CDE39 1206-C 5445
		aka: 805-002-03,805-002-00		
		DC-30		956-085-10 0C0CD998 1206-C 5445
		aka: 949-901-00		
		DC-30Rider		956-108-00 0C0B64DB 1206-B 5445
		aka: 949-904-00		
		PowerBoard		949-955-02 0C0CD954 1012-E 5445
		aka: 949-955-00		
13		DC-30		974-217-30 0C0CDE39 1206-C 5445
		aka: 805-002-03,805-002-00		
		DC-30		956-085-10 0C0CD998 1206-C 5445
		aka: 949-901-00		
		DC-30Rider		956-108-00 0C0B64DB 1206-B 5445
		aka: 949-904-00		
		PowerBoard		949-955-02 0C0CD954 1012-E 5445
		aka: 949-955-00		
14		HSD-U		604-356-03 c36e55a 1550-A 5445
		HSD-U		612-073-00 c36d56c 1508-A 5445
		PowerBoard		608-808-01 c36da04 1148-A 5445
		ChanBoard0		613-493-03 c36e3f4 1534-A 5445
		ChanBoard1		613-493-03 c36cd4c 1534-A 5445
15		HSD-U		604-356-03 c36e55a 1550-A 5445
		HSD-U		612-073-00 c36d56c 1508-A 5445
		PowerBoard		608-808-01 c36da04 1148-A 5445
		ChanBoard0		613-493-03 c36e3f4 1534-A 5445
		ChanBoard1		613-493-03 c36cd4c 1534-A 5445
16		HSD-U		604-356-03 c36e55a 1550-A 5445
		HSD-U		612-073-00 c36d56c 1508-A 5445
		PowerBoard		608-808-01 c36da04 1148-A 5445
		ChanBoard0		613-493-03 c36e3f4 1534-A 5445
		ChanBoard1		613-493-03 c36cd4c 1534-A 5445
17		HSD-U		604-356-03 c36e55a 1550-A 5445
		HSD-U		612-073-00 c36d56c 1508-A 5445
		PowerBoard		608-808-01 c36da04 1148-A 5445
		ChanBoard0		613-493-03 c36e3f4 1534-A 5445
		ChanBoard1		613-493-03 c36cd4c 1534-A 5445
18		DC-07		604-375-12 0C39E763 1745-A 5445
		aka: 604-375-00		
		DC-07		939-420-01 0C3A2917 1741-A 5445
		aka: 939-420-00		
		DC-07Rider-0		604-534-02 0C3A1B0E 1741-A 5445
		aka: 604-534-00		
		DC-07Rider-1		610-617-02 0C3A26C2 1741-A 5445
		aka: 610-617-00		
		DC-07Power		608-807-01 0C3A2932 1741-A 5445
		aka: 608-807-00		
19		DC-07		604-375-12 0C39E763 1745-A 5445
		aka: 604-375-00		
		DC-07		939-420-01 0C3A2917 1741-A 5445
		aka: 939-420-00		
		DC-07Rider-0		604-534-02 0C3A1B0E 1741-A 5445
		aka: 604-534-00		
		DC-07Rider-1		610-617-02 0C3A26C2 1741-A 5445
		aka: 610-617-00		
		DC-07Power		608-807-01 0C3A2932 1741-A 5445
		aka: 608-807-00		
20		DC-07		604-375-12 0C39E763 1745-A 5445
		aka: 604-375-00		
		DC-07		939-420-01 0C3A2917 1741-A 5445
		aka: 939-420-00		
		DC-07Rider-0		604-534-02 0C3A1B0E 1741-A 5445
		aka: 604-534-00		
		DC-07Rider-1		610-617-02 0C3A26C2 1741-A 5445
		aka: 610-617-00		
		DC-07Power		608-807-01 0C3A2932 1741-A 5445
		aka: 608-807-00		
21		DC-07		604-375-12 0C39E763 1745-A 5445
		aka: 604-375-00		
		DC-07		939-420-01 0C3A2917 1741-A 5445
		aka: 939-420-00		
		DC-07Rider-0		604-534-02 0C3A1B0E 1741-A 5445
		aka: 604-534-00		
		DC-07Rider-1		610-617-02 0C3A26C2 1741-A 5445
		aka: 610-617-00		
		DC-07Power		608-807-01 0C3A2932 1741-A 5445
		aka: 608-807-00		

24.0		SupportBoard		974-221-03 c0fe301 1614-B 5445
    		SupportBoard		956-416-30 c0fe201 0944-B 5445
    		PowerBoard		956-359-10 c0fe1e6 1614-C 5445
    		TCM		956-419-02 c0fe20a 0951-C 5445
    		XGEM		956-364-10 c39004b 1646-A 5445
    		DCCM		949-938-23 C0FE1DE 0929-C 5445
25.0		SupportBoard		974-221-30 c33dfd8 1519-A 5445
    		SupportBoard		622-566-01 c33dfa7 1519-A 5445
    		PowerBoard		956-359-21 c33dfa1 0744-C 5445
62.0		DistributionBoard		956-455-00 c3426df 0814-A 5445
    		DistributionBoard		613-526-61 c3426df 1404-A 5445
63.0		DistributionBoard		956-455-00 c3426de 0814-A 5445
    		DistributionBoard		613-526-61 c3426de 1404-A 5445
</TEST_HEAD TH 1>

<DIB DIB 1>
#idprom (type serial rev company)

000-000-00 0000000 0000-A 5445
000-000-00 0000000 0000-A 5445
</DIB DIB 1>

<LICENSE_ENABLERS>
#Off-line enabling levels
#FEATURE                      ENABLED LEVEL    LICENSE COUNT    LEGAL ENABLING POINTS
12GHzReceiver                 -1               N/A              8,7,6,5,4,3,2,1,0
12GHzSource                   -1               N/A              1,0
1PortVNA                      -1               N/A              4,3,2,1,0
BBACCap                       8                N/A              48,46,44,42,40,38,36,34,32,30,28,26,24,22,20,18,16,14,12,10,8,6,4,2,1,0
BBACCapBandwidth              15               N/A              15,3
BBACSrc                       8                N/A              48,46,44,42,40,38,36,34,32,30,28,26,24,22,20,18,16,14,12,10,8,6,4,2,1,0
BBACSrcBandwidth              15               N/A              15,3
BitmapTool.StandAlone         1                N/A              1,0
DC30                          1                N/A              1,0
DDRMemoryEngine               1                1000             1
EdgeSets                      32               N/A              32,16,8,4,2,1
GigaDig                       48               N/A              48,46,44,42,40,38,36,34,32,30,28,26,24,22,20,18,16,14,12,10,8,6,4,2,1,0
GigaDigMaxCapSize             8                N/A              8,1
GigaDigNumClocks              2                N/A              2,1
HDVS1Channels                 768              N/A              768,288,280,272,264,256,248,240,232,224,216,208,200,192,184,176,168,160,152,144,136,128,120,112,104,96,88,80,72,64,56,48,40,32,24,16,8,0
HSD_DSSC                      1                1000             1,0
HSD_MemoryDepth               1024             1000             1024,512,256,128,96,64,32,16,8
HSD_MemoryDepth               512              1000             1024,512,256,128,96,64,32,16,8
HSD_MemoryDepth               256              1000             1024,512,256,128,96,64,32,16,8
HSD_MTO                       1                1000             1,0
HSD_SCAN                      1                1000             1,0
HSD_Speed                     1600             1000             1600,1500,1400,1300,1200,1100,1000,800,700,600,500,400,300,200,100,50
HSD_Speed                     1000             1000             1600,1500,1400,1300,1200,1100,1000,800,700,600,500,400,300,200,100,50
HSD_Speed                     800              1000             1600,1500,1400,1300,1200,1100,1000,800,700,600,500,400,300,200,100,50
HSD1600_Channels              1                1000             1
HSS_Speed                     6400             1000             6400,3200
HSS10G_Channels               1                1000             1
HSS10G_Speed                  10000            1000             10000,8000,6400,3200
IG-XL_Bitmap                  N/A              N/A              N/A              
IG-XL_PBM                     N/A              N/A              N/A              
IG-XL_RA                      N/A              N/A              N/A              
IG-XL_RAPlus                  N/A              N/A              N/A              
IG-XL_SECSGEM                 N/A              N/A              N/A              
IGXLConcurrentExecution       N/A              N/A              N/A              
LoopbackEngine                1                1000             1
MainSlots                     36               N/A              36,24,16,12,8,6,4
ModulationToolkit             N/A              N/A              N/A              
ModulationToolkitLTE          N/A              N/A              N/A              
NoiseSource                   -1               N/A              4,3,2,1,0
nWireEngine                   1                1000             1
PCIeEndPointEngine            1                1000             1
PCIeRootComplexEngine         1                1000             1
PRBSEngine                    1                1000             1
sWireEngine                   1                1000             1
TimeSets                      256              N/A              256,128,64,32,16,8
UltraCapture                  75               1000             75,40,3
UltraSource                   80               1000             80,40,3
UltraVIChannel                1                1000             1
UW24_1PortVNA                 1                1000             1,0
UW24_AWG                      160              1000             160,80,0
UW24_DualAWG                  1                1000             1,0
UW24_DualSynthesizer          1                1000             1,0
UW24_DutRef                   1                1000             1,0
UW24_EnMeas                   1                1000             1,0
UW24_EnMultiTone              1                1000             1,0
UW24_NoiseSource              1                1000             1,0
UW24_Ports                    1                1000             1,0
UW24_RcvEnable                1                1000             1,0
UW24_RcvFrequency             700              1000             700,0
UW24_Receivers                160              1000             160,100,45,0
UW24_SourceFrequency          700              1000             700,0
VHFACCapture                  8                N/A              48,46,44,42,40,38,36,34,32,30,28,26,24,22,20,18,16,14,12,10,8,6,4,2,1,0
VHFACCaptureSamplingRate      125              N/A              125,80
VHFACSource                   8                N/A              48,46,44,42,40,38,36,34,32,30,28,26,24,22,20,18,16,14,12,10,8,6,4,2,1,0
VHFACSourceSamplingRate       400              N/A              400,100
WaferMap.StandAlone           1                N/A              1,0
</LICENSE_ENABLERS>

