DTFlowtableSheet,version=3.0:platform=Jaguar:toprow=-1:leftcol=-1:rightcol=-1:tabcolor=16777215	Flow Table																																					
						Flow Domain:																																
			Gate			Command				Limits		Datalog Display Results			Bin Number		Sort Number			Action			Group				Device			Debug		CT Profile Data						
	Label	Enable	Job	Part	Env	Opcode	Parameter	TName	TNum	LoLim	HiLim	Scale	Units	Format	Pass	Fail	Pass	Fail	Result	Pass	Fail	State	Specifier	Sense	Condition	Name	Sense	Condition	Name	Assume	Sites	Elapsed Time (s)	Background Type	Serialize	Resource Lock	Flow Step Locked	Comment	
						set-error-bin										8		9502																				
		TTIME				Test	OTP_LOCKBit_CHECK_Header																															
						print	"Flow_LCKBit_CHECK Start"																															
						Test	LOCK_BIT_CHECK		95200												F_OTP_LOCKBIT																	
						Bintable	Bin_OTP_LOCKBIT																															
						print	"Flow_LCKBit_CHECK Stop"																															
		TTIME				Test	OTP_LOCKBit_CHECK_Footer																															
						return																																
