	TestNum	123027						Pattern List																																											
								PP_IBZA0_C_IN00_XX_C0XX_XXX_XXX_XXX_MEXXXX_DM_SRMDSSC_E_3_A0_2201200722.PAT																																											
								DD_IBZA0_C_IN01_SC_C0F7_SAA_COM_AUT_MEXXXX_DM_TOPOFF_3_A0_2201141839.PAT																																											
								DD_IBZA0_C_PLLP_CH_C0F7_SAA_COM_AUT_MEXXXX_DM_TOPOFF_4_A0_2201141832.PAT																																											
Source File	Site	Lot ID	Die XY	S.Bin	Lvcc	Hvcc	Hole	Test Instance: AI21SET1_CPUSA_PP_IBZA0_C_PL00_SC_C0F7_SAA_COM_AUT_MEXXXX_DM_LV_VDD_PCPU   Setup Name: AI21_VDD_PCPU																																											
All	All	All	All	All	0.4	1.4	All	100	100	100	100	100	100	100	100	100	100	100	100	100	100	100	100	100	100	100	100	100	100	100	100	100	100	100	100	100	100	100	100	100	100	100	100	100	100	100	100	100			
QF25_20220129_AI_21_CP1_x10y7_Shmoo.txt	0	N9AS92-2	10,7	1	0.4	1.4	NH	P	*	*	*	*	*	P	*	*	*	*	*	P	*	*	*	*	*	P	*	*	*	*	*	P	*	*	*	*	*	P	*	*	*	*	*	P	*	*	*	P			
QF25_20220129_AI_21_CP1_x10y7_Shmoo.txt	1	N9AS92-2	12,7	1	0.4	1.4	NH	P	*	*	*	*	*	P	*	*	*	*	*	P	*	*	*	*	*	P	*	*	*	*	*	P	*	*	*	*	*	P	*	*	*	*	*	P	*	*	*	P			
QF25_20220129_AI_21_CP1_x10y7_Shmoo.txt	2	N9AS92-2	14,7	1	0.4	1.4	NH	P	*	*	*	*	*	P	*	*	*	*	*	P	*	*	*	*	*	P	*	*	*	*	*	P	*	*	*	*	*	P	*	*	*	*	*	P	*	*	*	P			
						VDD_PCPU
(Global Spec, SI Prefix: )		1.4	1.375	1.35	1.325	1.3	1.275	1.25	1.225	1.2	1.175	1.15	1.125	1.1	1.075	1.05	1.025	1	0.975	0.95	0.925	0.9	0.875	0.85	0.825	0.8	0.775	0.75	0.725	0.7	0.675	0.65	0.625	0.6	0.575	0.55	0.525	0.5	0.475	0.45	0.425	0.4			
																																																			
