Test Num	Type	Category	Test Instance	Test Setup	Free Running Clock	TimeSet	Clock	X Settings	Y Settings	Vdd Domain	ForceCondition	Pattern List	Payload	Instance List	
123027	1D	AI21SET1	AI21SET1_CPUSA_PP_IBZA0_C_PL00_SC_C0F7_SAA_COM_AUT_MEXXXX_DM_LV_VDD_PCPU	AI21_VDD_PCPU	XI0_DIFF = 24.00 MHz ,RT_CLK32768 = 32768 Hz ,	TIMESET_IBZA0_C_SC_DM_2	Shiftin_Freq = 23.98 Mhz	VDD_PCPU=1.4000:0.4000:0.0250		VDD_CIO=0.855,VDD_CIO_USB=0.855,VDD_CPU_SRAM=0.775,VDD_DCS_DDR=0.850,VDD_DISP=0.850,VDD_ECPU=0.650,VDD_FIXED_AMUX=0.840,VDD_FIXED_CPU=0.840,VDD_FIXED_GRP=0.840,VDD_FIXED_LPDP_RX=0.840,VDD_FIXED_LPDP_TX=0.840,VDD_FIXED_MIPI=0.840,VDD_FIXED_PCIE=0.840,VDD_FIXED_PCIE_REFBUF=0.840,VDD_FIXED_PCPU_MTR=0.840,VDD_FIXED_PLL=0.840,VDD_FIXED_PLL_DCSCLKGEN=0.840,VDD_FIXED_PLL_DDR=0.840,VDD_FIXED_PLL_SOC=0.840,VDD_FIXED_XTAL=0.840,VDD_GPU=0.850,VDD_LOW=0.800,VDD_LOW_FLPPLL=0.800,VDD_LOW_ULPPLL=0.800,VDD_LOW_USB_DEBUG=0.800,VDD_MEMLP5_DDR=1.120,VDD_PCPU=0.650,VDD_SOC=0.950,VDD_SRAM_GPU=0.850,VDD_SRAM_SOC=0.850,VDD_TD=0.850,VDD1=1.800,VDD12_ADC_SOC=1.200,VDD12_AMUX=1.200,VDD12_EFUSE0=0.000,VDD12_EFUSE1=0.000,VDD12_EFUSE2=0.000,VDD12_EFUSE3=0.000,VDD12_EFUSE4=0.000,VDD12_EFUSE5=0.000,VDD12_FMON=1.200,VDD12_HSCDFT=1.200,VDD12_LPDP_RX=1.200,VDD12_LPDP_TX=1.200,VDD12_MIPIC=1.200,VDD12_PCIE=1.200,VDD12_PCIE_REFBUF=1.200,VDD12_PLL=1.200,VDD12_PLL_DCS=1.200,VDD12_PLL_DDR=1.200,VDD12_PLL_SOC=1.200,VDD12_TSADC_CPU=1.200,VDD12_TSADC_SOC=1.200,VDD12_ULPPLL_FLPPLL=1.200,VDD12_USB=1.200,VDD12_USB_DEBUG=1.200,VDD12_XTAL=1.200,VDD2H=1.050,VDDIO12_AOP=1.200,VDDIO12_CIO=1.200,VDDIO12_GRP=1.200,VDDQL_DDR=0.575,vdd_pcpu=0.650		PP_IBZA0_C_IN00_XX_C0XX_XXX_XXX_XXX_MEXXXX_DM_SRMDSSC_E_3_A0_2201200722.PAT,
DD_IBZA0_C_IN01_SC_C0F7_SAA_COM_AUT_MEXXXX_DM_TOPOFF_3_A0_2201141839.PAT,
DD_IBZA0_C_PLLP_CH_C0F7_SAA_COM_AUT_MEXXXX_DM_TOPOFF_4_A0_2201141832.PAT	DD_IBZA0_C_PLLP_CH_C0F7_SAA_COM_AUT_MEXXXX_DM_TOPOFF_4_A0_2201141832.PAT		
123055	1D	AI21SET2	AI21SET2_CPUSA_PP_IBZA0_C_PL00_SC_C0F7_SAA_COM_AUT_MEXXXX_DM_LV_VDD_PCPU	AI21_VDD_PCPU	XI0_DIFF = 24.00 MHz ,RT_CLK32768 = 32768 Hz ,	TIMESET_IBZA0_C_SC_DM_2	Shiftin_Freq = 23.98 Mhz	VDD_PCPU=1.4000:0.4000:0.0250		VDD_CIO=0.855,VDD_CIO_USB=0.855,VDD_CPU_SRAM=0.775,VDD_DCS_DDR=0.850,VDD_DISP=0.850,VDD_ECPU=0.650,VDD_FIXED_AMUX=0.840,VDD_FIXED_CPU=0.840,VDD_FIXED_GRP=0.840,VDD_FIXED_LPDP_RX=0.840,VDD_FIXED_LPDP_TX=0.840,VDD_FIXED_MIPI=0.840,VDD_FIXED_PCIE=0.840,VDD_FIXED_PCIE_REFBUF=0.840,VDD_FIXED_PCPU_MTR=0.840,VDD_FIXED_PLL=0.840,VDD_FIXED_PLL_DCSCLKGEN=0.840,VDD_FIXED_PLL_DDR=0.840,VDD_FIXED_PLL_SOC=0.840,VDD_FIXED_XTAL=0.840,VDD_GPU=0.850,VDD_LOW=0.800,VDD_LOW_FLPPLL=0.800,VDD_LOW_ULPPLL=0.800,VDD_LOW_USB_DEBUG=0.800,VDD_MEMLP5_DDR=1.120,VDD_PCPU=0.650,VDD_SOC=0.950,VDD_SRAM_GPU=0.850,VDD_SRAM_SOC=0.850,VDD_TD=0.850,VDD1=1.800,VDD12_ADC_SOC=1.200,VDD12_AMUX=1.200,VDD12_EFUSE0=0.000,VDD12_EFUSE1=0.000,VDD12_EFUSE2=0.000,VDD12_EFUSE3=0.000,VDD12_EFUSE4=0.000,VDD12_EFUSE5=0.000,VDD12_FMON=1.200,VDD12_HSCDFT=1.200,VDD12_LPDP_RX=1.200,VDD12_LPDP_TX=1.200,VDD12_MIPIC=1.200,VDD12_PCIE=1.200,VDD12_PCIE_REFBUF=1.200,VDD12_PLL=1.200,VDD12_PLL_DCS=1.200,VDD12_PLL_DDR=1.200,VDD12_PLL_SOC=1.200,VDD12_TSADC_CPU=1.200,VDD12_TSADC_SOC=1.200,VDD12_ULPPLL_FLPPLL=1.200,VDD12_USB=1.200,VDD12_USB_DEBUG=1.200,VDD12_XTAL=1.200,VDD2H=1.050,VDDIO12_AOP=1.200,VDDIO12_CIO=1.200,VDDIO12_GRP=1.200,VDDQL_DDR=0.575,vdd_pcpu=0.650		PP_IBZA0_C_IN00_XX_C0XX_XXX_XXX_XXX_MEXXXX_DM_SRMDSSC_E_3_A0_2201200722.PAT,
DD_IBZA0_C_IN01_SC_C0F7_SAA_COM_AUT_MEXXXX_DM_TOPOFF_3_A0_2201141839.PAT,
DD_IBZA0_C_PL00_SC_C0F7_SAA_COM_AUT_MEXXXX_DM_TOPOFF_4_A0_2201141832.PAT	DD_IBZA0_C_PL00_SC_C0F7_SAA_COM_AUT_MEXXXX_DM_TOPOFF_4_A0_2201141832.PAT		
123092	1D	AI21SET3	AI21SET3_CPUSA_PP_IBZA0_C_PL00_SC_C307_SAA_COM_AUT_MPXXXX_DM_LV_VDD_PCPU	AI21_VDD_PCPU	XI0_DIFF = 24.00 MHz ,RT_CLK32768 = 32768 Hz ,	TIMESET_IBZA0_C_SC_DM_2	Shiftin_Freq = 23.98 Mhz	VDD_PCPU=1.4000:0.4000:0.0250		VDD_CIO=0.855,VDD_CIO_USB=0.855,VDD_CPU_SRAM=0.775,VDD_DCS_DDR=0.850,VDD_DISP=0.850,VDD_ECPU=0.650,VDD_FIXED_AMUX=0.840,VDD_FIXED_CPU=0.840,VDD_FIXED_GRP=0.840,VDD_FIXED_LPDP_RX=0.840,VDD_FIXED_LPDP_TX=0.840,VDD_FIXED_MIPI=0.840,VDD_FIXED_PCIE=0.840,VDD_FIXED_PCIE_REFBUF=0.840,VDD_FIXED_PCPU_MTR=0.840,VDD_FIXED_PLL=0.840,VDD_FIXED_PLL_DCSCLKGEN=0.840,VDD_FIXED_PLL_DDR=0.840,VDD_FIXED_PLL_SOC=0.840,VDD_FIXED_XTAL=0.840,VDD_GPU=0.850,VDD_LOW=0.800,VDD_LOW_FLPPLL=0.800,VDD_LOW_ULPPLL=0.800,VDD_LOW_USB_DEBUG=0.800,VDD_MEMLP5_DDR=1.120,VDD_PCPU=0.650,VDD_SOC=0.950,VDD_SRAM_GPU=0.850,VDD_SRAM_SOC=0.850,VDD_TD=0.850,VDD1=1.800,VDD12_ADC_SOC=1.200,VDD12_AMUX=1.200,VDD12_EFUSE0=0.000,VDD12_EFUSE1=0.000,VDD12_EFUSE2=0.000,VDD12_EFUSE3=0.000,VDD12_EFUSE4=0.000,VDD12_EFUSE5=0.000,VDD12_FMON=1.200,VDD12_HSCDFT=1.200,VDD12_LPDP_RX=1.200,VDD12_LPDP_TX=1.200,VDD12_MIPIC=1.200,VDD12_PCIE=1.200,VDD12_PCIE_REFBUF=1.200,VDD12_PLL=1.200,VDD12_PLL_DCS=1.200,VDD12_PLL_DDR=1.200,VDD12_PLL_SOC=1.200,VDD12_TSADC_CPU=1.200,VDD12_TSADC_SOC=1.200,VDD12_ULPPLL_FLPPLL=1.200,VDD12_USB=1.200,VDD12_USB_DEBUG=1.200,VDD12_XTAL=1.200,VDD2H=1.050,VDDIO12_AOP=1.200,VDDIO12_CIO=1.200,VDDIO12_GRP=1.200,VDDQL_DDR=0.575,vdd_pcpu=0.650		PP_IBZA0_C_IN00_XX_CX0X_XXX_XXX_XXX_MPXXXX_DM_SRMDSSC_P_2_A0_2201200718.PAT,
DD_IBZA0_C_IN01_SC_C307_SAA_COM_AUT_MPXXXX_DM_TOPOFF_3_A0_2201161602.PAT,
DD_IBZA0_C_PLLP_CH_C307_SAA_COM_AUT_MPXXXX_DM_TOPOFF_3_A0_2201160110.PAT	DD_IBZA0_C_PLLP_CH_C307_SAA_COM_AUT_MPXXXX_DM_TOPOFF_3_A0_2201160110.PAT		
123138	1D	AI21SET4	AI21SET4_CPUSA_PP_IBZA0_C_PL00_SC_C307_SAA_COM_AUT_MPXXXX_DM_LV_VDD_PCPU	AI21_VDD_PCPU	XI0_DIFF = 24.00 MHz ,RT_CLK32768 = 32768 Hz ,	TIMESET_IBZA0_C_SC_DM_2	Shiftin_Freq = 23.98 Mhz	VDD_PCPU=1.4000:0.4000:0.0250		VDD_CIO=0.855,VDD_CIO_USB=0.855,VDD_CPU_SRAM=0.775,VDD_DCS_DDR=0.850,VDD_DISP=0.850,VDD_ECPU=0.650,VDD_FIXED_AMUX=0.840,VDD_FIXED_CPU=0.840,VDD_FIXED_GRP=0.840,VDD_FIXED_LPDP_RX=0.840,VDD_FIXED_LPDP_TX=0.840,VDD_FIXED_MIPI=0.840,VDD_FIXED_PCIE=0.840,VDD_FIXED_PCIE_REFBUF=0.840,VDD_FIXED_PCPU_MTR=0.840,VDD_FIXED_PLL=0.840,VDD_FIXED_PLL_DCSCLKGEN=0.840,VDD_FIXED_PLL_DDR=0.840,VDD_FIXED_PLL_SOC=0.840,VDD_FIXED_XTAL=0.840,VDD_GPU=0.850,VDD_LOW=0.800,VDD_LOW_FLPPLL=0.800,VDD_LOW_ULPPLL=0.800,VDD_LOW_USB_DEBUG=0.800,VDD_MEMLP5_DDR=1.120,VDD_PCPU=0.650,VDD_SOC=0.950,VDD_SRAM_GPU=0.850,VDD_SRAM_SOC=0.850,VDD_TD=0.850,VDD1=1.800,VDD12_ADC_SOC=1.200,VDD12_AMUX=1.200,VDD12_EFUSE0=0.000,VDD12_EFUSE1=0.000,VDD12_EFUSE2=0.000,VDD12_EFUSE3=0.000,VDD12_EFUSE4=0.000,VDD12_EFUSE5=0.000,VDD12_FMON=1.200,VDD12_HSCDFT=1.200,VDD12_LPDP_RX=1.200,VDD12_LPDP_TX=1.200,VDD12_MIPIC=1.200,VDD12_PCIE=1.200,VDD12_PCIE_REFBUF=1.200,VDD12_PLL=1.200,VDD12_PLL_DCS=1.200,VDD12_PLL_DDR=1.200,VDD12_PLL_SOC=1.200,VDD12_TSADC_CPU=1.200,VDD12_TSADC_SOC=1.200,VDD12_ULPPLL_FLPPLL=1.200,VDD12_USB=1.200,VDD12_USB_DEBUG=1.200,VDD12_XTAL=1.200,VDD2H=1.050,VDDIO12_AOP=1.200,VDDIO12_CIO=1.200,VDDIO12_GRP=1.200,VDDQL_DDR=0.575,vdd_pcpu=0.650		PP_IBZA0_C_IN00_XX_CX0X_XXX_XXX_XXX_MPXXXX_DM_SRMDSSC_P_2_A0_2201200718.PAT,
DD_IBZA0_C_IN01_SC_C307_SAA_COM_AUT_MPXXXX_DM_TOPOFF_3_A0_2201161602.PAT,
DD_IBZA0_C_PL00_SC_C307_SAA_COM_AUT_MPXXXX_DM_TOPOFF_3_A0_2201160110.PAT	DD_IBZA0_C_PL00_SC_C307_SAA_COM_AUT_MPXXXX_DM_TOPOFF_3_A0_2201160110.PAT		
123166	1D	AI21SET5	AI21SET5_CPUSA_PP_IBZA0_C_PL00_SC_C0F7_SAA_COM_AUT_MEXXXX_DM_LV_VDD_PCPU	AI21_VDD_PCPU	XI0_DIFF = 24.00 MHz ,RT_CLK32768 = 32768 Hz ,	TIMESET_IBZA0_C_SC_DM_2	Shiftin_Freq = 23.98 Mhz	VDD_PCPU=1.4000:0.4000:0.0250		VDD_CIO=0.855,VDD_CIO_USB=0.855,VDD_CPU_SRAM=0.775,VDD_DCS_DDR=0.850,VDD_DISP=0.850,VDD_ECPU=0.650,VDD_FIXED_AMUX=0.840,VDD_FIXED_CPU=0.840,VDD_FIXED_GRP=0.840,VDD_FIXED_LPDP_RX=0.840,VDD_FIXED_LPDP_TX=0.840,VDD_FIXED_MIPI=0.840,VDD_FIXED_PCIE=0.840,VDD_FIXED_PCIE_REFBUF=0.840,VDD_FIXED_PCPU_MTR=0.840,VDD_FIXED_PLL=0.840,VDD_FIXED_PLL_DCSCLKGEN=0.840,VDD_FIXED_PLL_DDR=0.840,VDD_FIXED_PLL_SOC=0.840,VDD_FIXED_XTAL=0.840,VDD_GPU=0.850,VDD_LOW=0.800,VDD_LOW_FLPPLL=0.800,VDD_LOW_ULPPLL=0.800,VDD_LOW_USB_DEBUG=0.800,VDD_MEMLP5_DDR=1.120,VDD_PCPU=0.650,VDD_SOC=0.950,VDD_SRAM_GPU=0.850,VDD_SRAM_SOC=0.850,VDD_TD=0.850,VDD1=1.800,VDD12_ADC_SOC=1.200,VDD12_AMUX=1.200,VDD12_EFUSE0=0.000,VDD12_EFUSE1=0.000,VDD12_EFUSE2=0.000,VDD12_EFUSE3=0.000,VDD12_EFUSE4=0.000,VDD12_EFUSE5=0.000,VDD12_FMON=1.200,VDD12_HSCDFT=1.200,VDD12_LPDP_RX=1.200,VDD12_LPDP_TX=1.200,VDD12_MIPIC=1.200,VDD12_PCIE=1.200,VDD12_PCIE_REFBUF=1.200,VDD12_PLL=1.200,VDD12_PLL_DCS=1.200,VDD12_PLL_DDR=1.200,VDD12_PLL_SOC=1.200,VDD12_TSADC_CPU=1.200,VDD12_TSADC_SOC=1.200,VDD12_ULPPLL_FLPPLL=1.200,VDD12_USB=1.200,VDD12_USB_DEBUG=1.200,VDD12_XTAL=1.200,VDD2H=1.050,VDDIO12_AOP=1.200,VDDIO12_CIO=1.200,VDDIO12_GRP=1.200,VDDQL_DDR=0.575,vdd_pcpu=0.650		PP_IBZA0_C_IN00_XX_C0XX_XXX_XXX_XXX_MEXXXX_DM_SRMDSSC_E_3_A0_2201200722.PAT,
DD_IBZA0_C_IN01_SC_C0F7_SAA_COM_AUT_MEXXXX_DM_TOPOFF2_1_A0_2111290747.PAT,
DD_IBZA0_C_PLLP_CH_C0F7_SAA_COM_AUT_MEXXXX_DM_TOPOFF2_1_A0_2111290751.PAT	DD_IBZA0_C_PLLP_CH_C0F7_SAA_COM_AUT_MEXXXX_DM_TOPOFF2_1_A0_2111290751.PAT		
123194	1D	AI21SET6	AI21SET6_CPUSA_PP_IBZA0_C_PL00_SC_C0F7_SAA_COM_AUT_MEXXXX_DM_LV_VDD_PCPU	AI21_VDD_PCPU	XI0_DIFF = 24.00 MHz ,RT_CLK32768 = 32768 Hz ,	TIMESET_IBZA0_C_SC_DM_2	Shiftin_Freq = 23.98 Mhz	VDD_PCPU=1.4000:0.4000:0.0250		VDD_CIO=0.855,VDD_CIO_USB=0.855,VDD_CPU_SRAM=0.775,VDD_DCS_DDR=0.850,VDD_DISP=0.850,VDD_ECPU=0.650,VDD_FIXED_AMUX=0.840,VDD_FIXED_CPU=0.840,VDD_FIXED_GRP=0.840,VDD_FIXED_LPDP_RX=0.840,VDD_FIXED_LPDP_TX=0.840,VDD_FIXED_MIPI=0.840,VDD_FIXED_PCIE=0.840,VDD_FIXED_PCIE_REFBUF=0.840,VDD_FIXED_PCPU_MTR=0.840,VDD_FIXED_PLL=0.840,VDD_FIXED_PLL_DCSCLKGEN=0.840,VDD_FIXED_PLL_DDR=0.840,VDD_FIXED_PLL_SOC=0.840,VDD_FIXED_XTAL=0.840,VDD_GPU=0.850,VDD_LOW=0.800,VDD_LOW_FLPPLL=0.800,VDD_LOW_ULPPLL=0.800,VDD_LOW_USB_DEBUG=0.800,VDD_MEMLP5_DDR=1.120,VDD_PCPU=0.650,VDD_SOC=0.950,VDD_SRAM_GPU=0.850,VDD_SRAM_SOC=0.850,VDD_TD=0.850,VDD1=1.800,VDD12_ADC_SOC=1.200,VDD12_AMUX=1.200,VDD12_EFUSE0=0.000,VDD12_EFUSE1=0.000,VDD12_EFUSE2=0.000,VDD12_EFUSE3=0.000,VDD12_EFUSE4=0.000,VDD12_EFUSE5=0.000,VDD12_FMON=1.200,VDD12_HSCDFT=1.200,VDD12_LPDP_RX=1.200,VDD12_LPDP_TX=1.200,VDD12_MIPIC=1.200,VDD12_PCIE=1.200,VDD12_PCIE_REFBUF=1.200,VDD12_PLL=1.200,VDD12_PLL_DCS=1.200,VDD12_PLL_DDR=1.200,VDD12_PLL_SOC=1.200,VDD12_TSADC_CPU=1.200,VDD12_TSADC_SOC=1.200,VDD12_ULPPLL_FLPPLL=1.200,VDD12_USB=1.200,VDD12_USB_DEBUG=1.200,VDD12_XTAL=1.200,VDD2H=1.050,VDDIO12_AOP=1.200,VDDIO12_CIO=1.200,VDDIO12_GRP=1.200,VDDQL_DDR=0.575,vdd_pcpu=0.650		PP_IBZA0_C_IN00_XX_C0XX_XXX_XXX_XXX_MEXXXX_DM_SRMDSSC_E_3_A0_2201200722.PAT,
DD_IBZA0_C_IN01_SC_C0F7_SAA_COM_AUT_MEXXXX_DM_TOPOFF2_1_A0_2111290747.PAT,
DD_IBZA0_C_PL00_SC_C0F7_SAA_COM_AUT_MEXXXX_DM_TOPOFF2_1_A0_2111290751.PAT	DD_IBZA0_C_PL00_SC_C0F7_SAA_COM_AUT_MEXXXX_DM_TOPOFF2_1_A0_2111290751.PAT		
123231	1D	AI21SET7	AI21SET7_CPUSA_PP_IBZA0_C_PL00_SC_C307_SAA_COM_AUT_MPXXXX_DM_LV_VDD_PCPU	AI21_VDD_PCPU	XI0_DIFF = 24.00 MHz ,RT_CLK32768 = 32768 Hz ,	TIMESET_IBZA0_C_SC_DM_2	Shiftin_Freq = 23.98 Mhz	VDD_PCPU=1.4000:0.4000:0.0250		VDD_CIO=0.855,VDD_CIO_USB=0.855,VDD_CPU_SRAM=0.775,VDD_DCS_DDR=0.850,VDD_DISP=0.850,VDD_ECPU=0.650,VDD_FIXED_AMUX=0.840,VDD_FIXED_CPU=0.840,VDD_FIXED_GRP=0.840,VDD_FIXED_LPDP_RX=0.840,VDD_FIXED_LPDP_TX=0.840,VDD_FIXED_MIPI=0.840,VDD_FIXED_PCIE=0.840,VDD_FIXED_PCIE_REFBUF=0.840,VDD_FIXED_PCPU_MTR=0.840,VDD_FIXED_PLL=0.840,VDD_FIXED_PLL_DCSCLKGEN=0.840,VDD_FIXED_PLL_DDR=0.840,VDD_FIXED_PLL_SOC=0.840,VDD_FIXED_XTAL=0.840,VDD_GPU=0.850,VDD_LOW=0.800,VDD_LOW_FLPPLL=0.800,VDD_LOW_ULPPLL=0.800,VDD_LOW_USB_DEBUG=0.800,VDD_MEMLP5_DDR=1.120,VDD_PCPU=0.650,VDD_SOC=0.950,VDD_SRAM_GPU=0.850,VDD_SRAM_SOC=0.850,VDD_TD=0.850,VDD1=1.800,VDD12_ADC_SOC=1.200,VDD12_AMUX=1.200,VDD12_EFUSE0=0.000,VDD12_EFUSE1=0.000,VDD12_EFUSE2=0.000,VDD12_EFUSE3=0.000,VDD12_EFUSE4=0.000,VDD12_EFUSE5=0.000,VDD12_FMON=1.200,VDD12_HSCDFT=1.200,VDD12_LPDP_RX=1.200,VDD12_LPDP_TX=1.200,VDD12_MIPIC=1.200,VDD12_PCIE=1.200,VDD12_PCIE_REFBUF=1.200,VDD12_PLL=1.200,VDD12_PLL_DCS=1.200,VDD12_PLL_DDR=1.200,VDD12_PLL_SOC=1.200,VDD12_TSADC_CPU=1.200,VDD12_TSADC_SOC=1.200,VDD12_ULPPLL_FLPPLL=1.200,VDD12_USB=1.200,VDD12_USB_DEBUG=1.200,VDD12_XTAL=1.200,VDD2H=1.050,VDDIO12_AOP=1.200,VDDIO12_CIO=1.200,VDDIO12_GRP=1.200,VDDQL_DDR=0.575,vdd_pcpu=0.650		PP_IBZA0_C_IN00_XX_CX0X_XXX_XXX_XXX_MPXXXX_DM_SRMDSSC_P_2_A0_2201200718.PAT,
DD_IBZA0_C_IN01_SC_C307_SAA_COM_AUT_MPXXXX_DM_TOPOFF2_2_A0_2201080220.PAT,
DD_IBZA0_C_PLLP_CH_C307_SAA_COM_AUT_MPXXXX_DM_TOPOFF2_2_A0_2201010549.PAT	DD_IBZA0_C_PLLP_CH_C307_SAA_COM_AUT_MPXXXX_DM_TOPOFF2_2_A0_2201010549.PAT		
123280	1D	AI21SET8	AI21SET8_CPUSA_PP_IBZA0_C_PL00_SC_C307_SAA_COM_AUT_MPXXXX_DM_LV_VDD_PCPU	AI21_VDD_PCPU	XI0_DIFF = 24.00 MHz ,RT_CLK32768 = 32768 Hz ,	TIMESET_IBZA0_C_SC_DM_2	Shiftin_Freq = 23.98 Mhz	VDD_PCPU=1.4000:0.4000:0.0250		VDD_CIO=0.855,VDD_CIO_USB=0.855,VDD_CPU_SRAM=0.775,VDD_DCS_DDR=0.850,VDD_DISP=0.850,VDD_ECPU=0.650,VDD_FIXED_AMUX=0.840,VDD_FIXED_CPU=0.840,VDD_FIXED_GRP=0.840,VDD_FIXED_LPDP_RX=0.840,VDD_FIXED_LPDP_TX=0.840,VDD_FIXED_MIPI=0.840,VDD_FIXED_PCIE=0.840,VDD_FIXED_PCIE_REFBUF=0.840,VDD_FIXED_PCPU_MTR=0.840,VDD_FIXED_PLL=0.840,VDD_FIXED_PLL_DCSCLKGEN=0.840,VDD_FIXED_PLL_DDR=0.840,VDD_FIXED_PLL_SOC=0.840,VDD_FIXED_XTAL=0.840,VDD_GPU=0.850,VDD_LOW=0.800,VDD_LOW_FLPPLL=0.800,VDD_LOW_ULPPLL=0.800,VDD_LOW_USB_DEBUG=0.800,VDD_MEMLP5_DDR=1.120,VDD_PCPU=0.650,VDD_SOC=0.950,VDD_SRAM_GPU=0.850,VDD_SRAM_SOC=0.850,VDD_TD=0.850,VDD1=1.800,VDD12_ADC_SOC=1.200,VDD12_AMUX=1.200,VDD12_EFUSE0=0.000,VDD12_EFUSE1=0.000,VDD12_EFUSE2=0.000,VDD12_EFUSE3=0.000,VDD12_EFUSE4=0.000,VDD12_EFUSE5=0.000,VDD12_FMON=1.200,VDD12_HSCDFT=1.200,VDD12_LPDP_RX=1.200,VDD12_LPDP_TX=1.200,VDD12_MIPIC=1.200,VDD12_PCIE=1.200,VDD12_PCIE_REFBUF=1.200,VDD12_PLL=1.200,VDD12_PLL_DCS=1.200,VDD12_PLL_DDR=1.200,VDD12_PLL_SOC=1.200,VDD12_TSADC_CPU=1.200,VDD12_TSADC_SOC=1.200,VDD12_ULPPLL_FLPPLL=1.200,VDD12_USB=1.200,VDD12_USB_DEBUG=1.200,VDD12_XTAL=1.200,VDD2H=1.050,VDDIO12_AOP=1.200,VDDIO12_CIO=1.200,VDDIO12_GRP=1.200,VDDQL_DDR=0.575,vdd_pcpu=0.650		PP_IBZA0_C_IN00_XX_CX0X_XXX_XXX_XXX_MPXXXX_DM_SRMDSSC_P_2_A0_2201200718.PAT,
DD_IBZA0_C_IN01_SC_C307_SAA_COM_AUT_MPXXXX_DM_TOPOFF2_2_A0_2201080220.PAT,
DD_IBZA0_C_PL00_SC_C307_SAA_COM_AUT_MPXXXX_DM_TOPOFF2_2_A0_2201010549.PAT	DD_IBZA0_C_PL00_SC_C307_SAA_COM_AUT_MPXXXX_DM_TOPOFF2_2_A0_2201010549.PAT		
123308	1D	AI21SET9	AI21SET9_CPUSA_PP_IBZA0_C_PL00_SC_C0F7_SAA_COM_AUT_MEXXXX_DM_LV_VDD_PCPU	AI21_VDD_PCPU	XI0_DIFF = 24.00 MHz ,RT_CLK32768 = 32768 Hz ,	TIMESET_IBZA0_C_SC_DM_2	Shiftin_Freq = 23.98 Mhz	VDD_PCPU=1.4000:0.4000:0.0250		VDD_CIO=0.855,VDD_CIO_USB=0.855,VDD_CPU_SRAM=0.775,VDD_DCS_DDR=0.850,VDD_DISP=0.850,VDD_ECPU=0.650,VDD_FIXED_AMUX=0.840,VDD_FIXED_CPU=0.840,VDD_FIXED_GRP=0.840,VDD_FIXED_LPDP_RX=0.840,VDD_FIXED_LPDP_TX=0.840,VDD_FIXED_MIPI=0.840,VDD_FIXED_PCIE=0.840,VDD_FIXED_PCIE_REFBUF=0.840,VDD_FIXED_PCPU_MTR=0.840,VDD_FIXED_PLL=0.840,VDD_FIXED_PLL_DCSCLKGEN=0.840,VDD_FIXED_PLL_DDR=0.840,VDD_FIXED_PLL_SOC=0.840,VDD_FIXED_XTAL=0.840,VDD_GPU=0.850,VDD_LOW=0.800,VDD_LOW_FLPPLL=0.800,VDD_LOW_ULPPLL=0.800,VDD_LOW_USB_DEBUG=0.800,VDD_MEMLP5_DDR=1.120,VDD_PCPU=0.650,VDD_SOC=0.950,VDD_SRAM_GPU=0.850,VDD_SRAM_SOC=0.850,VDD_TD=0.850,VDD1=1.800,VDD12_ADC_SOC=1.200,VDD12_AMUX=1.200,VDD12_EFUSE0=0.000,VDD12_EFUSE1=0.000,VDD12_EFUSE2=0.000,VDD12_EFUSE3=0.000,VDD12_EFUSE4=0.000,VDD12_EFUSE5=0.000,VDD12_FMON=1.200,VDD12_HSCDFT=1.200,VDD12_LPDP_RX=1.200,VDD12_LPDP_TX=1.200,VDD12_MIPIC=1.200,VDD12_PCIE=1.200,VDD12_PCIE_REFBUF=1.200,VDD12_PLL=1.200,VDD12_PLL_DCS=1.200,VDD12_PLL_DDR=1.200,VDD12_PLL_SOC=1.200,VDD12_TSADC_CPU=1.200,VDD12_TSADC_SOC=1.200,VDD12_ULPPLL_FLPPLL=1.200,VDD12_USB=1.200,VDD12_USB_DEBUG=1.200,VDD12_XTAL=1.200,VDD2H=1.050,VDDIO12_AOP=1.200,VDDIO12_CIO=1.200,VDDIO12_GRP=1.200,VDDQL_DDR=0.575,vdd_pcpu=0.650		PP_IBZA0_C_IN00_XX_C0XX_XXX_XXX_XXX_MEXXXX_DM_SRMDSSC_E_3_A0_2201200722.PAT,
DD_IBZA0_C_IN01_SC_C0F7_SAA_UNC_AUT_MEXXXX_DM_RET_2_A0_2201151737.PAT,
DD_IBZA0_C_PLLP_CH_C0F7_SAA_UNC_AUT_MEXXXX_DM_RETESRM_2_A0_2201151737.PAT	DD_IBZA0_C_PLLP_CH_C0F7_SAA_UNC_AUT_MEXXXX_DM_RETESRM_2_A0_2201151737.PAT		
123342	1D	AI21SET10	AI21SET10_CPUSA_PP_IBZA0_C_PL00_SC_C307_SAA_COM_AUT_MPXXXX_DM_LV_VDD_PCPU	AI21_VDD_PCPU	XI0_DIFF = 24.00 MHz ,RT_CLK32768 = 32768 Hz ,	TIMESET_IBZA0_C_SC_DM_2	Shiftin_Freq = 23.98 Mhz	VDD_PCPU=1.4000:0.4000:0.0250		VDD_CIO=0.855,VDD_CIO_USB=0.855,VDD_CPU_SRAM=0.775,VDD_DCS_DDR=0.850,VDD_DISP=0.850,VDD_ECPU=0.650,VDD_FIXED_AMUX=0.840,VDD_FIXED_CPU=0.840,VDD_FIXED_GRP=0.840,VDD_FIXED_LPDP_RX=0.840,VDD_FIXED_LPDP_TX=0.840,VDD_FIXED_MIPI=0.840,VDD_FIXED_PCIE=0.840,VDD_FIXED_PCIE_REFBUF=0.840,VDD_FIXED_PCPU_MTR=0.840,VDD_FIXED_PLL=0.840,VDD_FIXED_PLL_DCSCLKGEN=0.840,VDD_FIXED_PLL_DDR=0.840,VDD_FIXED_PLL_SOC=0.840,VDD_FIXED_XTAL=0.840,VDD_GPU=0.850,VDD_LOW=0.800,VDD_LOW_FLPPLL=0.800,VDD_LOW_ULPPLL=0.800,VDD_LOW_USB_DEBUG=0.800,VDD_MEMLP5_DDR=1.120,VDD_PCPU=0.650,VDD_SOC=0.950,VDD_SRAM_GPU=0.850,VDD_SRAM_SOC=0.850,VDD_TD=0.850,VDD1=1.800,VDD12_ADC_SOC=1.200,VDD12_AMUX=1.200,VDD12_EFUSE0=0.000,VDD12_EFUSE1=0.000,VDD12_EFUSE2=0.000,VDD12_EFUSE3=0.000,VDD12_EFUSE4=0.000,VDD12_EFUSE5=0.000,VDD12_FMON=1.200,VDD12_HSCDFT=1.200,VDD12_LPDP_RX=1.200,VDD12_LPDP_TX=1.200,VDD12_MIPIC=1.200,VDD12_PCIE=1.200,VDD12_PCIE_REFBUF=1.200,VDD12_PLL=1.200,VDD12_PLL_DCS=1.200,VDD12_PLL_DDR=1.200,VDD12_PLL_SOC=1.200,VDD12_TSADC_CPU=1.200,VDD12_TSADC_SOC=1.200,VDD12_ULPPLL_FLPPLL=1.200,VDD12_USB=1.200,VDD12_USB_DEBUG=1.200,VDD12_XTAL=1.200,VDD2H=1.050,VDDIO12_AOP=1.200,VDDIO12_CIO=1.200,VDDIO12_GRP=1.200,VDDQL_DDR=0.575,vdd_pcpu=0.650		PP_IBZA0_C_IN00_XX_CX0X_XXX_XXX_XXX_MPXXXX_DM_SRMDSSC_P_2_A0_2201200718.PAT,
DD_IBZA0_C_IN01_SC_C307_SAA_UNC_AUT_MPXXXX_DM_RET_3_A0_2201151909.PAT,
DD_IBZA0_C_PLLP_CH_C307_SAA_UNC_AUT_MPXXXX_DM_RETPSRM_3_A0_2201151909.PAT	DD_IBZA0_C_PLLP_CH_C307_SAA_UNC_AUT_MPXXXX_DM_RETPSRM_3_A0_2201151909.PAT		
123379	1D	AI21SET11	AI21SET11_CPUTD_ME001_MEX001_PP_IBZA0_C_PLXX_SC_C0F7_TDF_COM_AUT_MEXXXX_DM_DIV144_BV_VDD_PCPU	AI21_VDD_PCPU	XI0_DIFF = 24.00 MHz ,RT_CLK32768 = 32768 Hz ,	TIMESET_IBZA0_C_SC_DM_2	Shiftin_Freq = 23.98 Mhz	VDD_PCPU=1.4000:0.4000:0.0250		VDD_PCPU=0.655,VDD_ECPU=0.515,VDD_GPU=0.51,VDD_SOC=0.95,VDD_DCS_DDR=0.55,VDD_DISP=0.555,VDD_CPU_SRAM=0.85,VDD_SRAM_GPU=0.85,VDD_SRAM_SOC=0.85,VDD_FIXED_AMUX=0.765,VDD_FIXED_CPU=0.765,VDD_FIXED_GRP=0.765,VDD_FIXED_LPDP_RX=0.765,VDD_FIXED_LPDP_TX=0.765,VDD_FIXED_MIPI=0.765,VDD_FIXED_PCIE=0.765,VDD_FIXED_PCIE_REFBUF=0.765,VDD_FIXED_PCPU_MTR=0.765,VDD_FIXED_PLL=0.765,VDD_FIXED_PLL_DCSCLKGEN=0.765,VDD_FIXED_PLL_DDR=0.765,VDD_FIXED_PLL_SOC=0.765,VDD_FIXED_XTAL=0.765,VDD_LOW=0.8,VDD_CIO=0.81,VDD_CIO_USB=0.855,VDD_LOW_FLPPLL=0.74,VDD_LOW_ULPPLL=0.74,VDD_LOW_USB_DEBUG=0.74,VDD_MEMLP5_DDR=1.053,VDD_TD=0.799,VDD1=0,VDD12_ADC_SOC=1.128,VDD12_AMUX=1.128,VDD12_EFUSE0=0,VDD12_EFUSE1=0,VDD12_EFUSE2=0,VDD12_EFUSE3=0,VDD12_EFUSE4=0,VDD12_EFUSE5=0,VDD12_FMON=1.128,VDD12_HSCDFT=1.128,VDD12_LPDP_RX=1.128,VDD12_LPDP_TX=1.128,VDD12_MIPIC=1.128,VDD12_PCIE=1.128,VDD12_PCIE_REFBUF=1.128,VDD12_PLL=1.128,VDD12_PLL_DCS=1.128,VDD12_PLL_DDR=1.128,VDD12_PLL_SOC=1.128,VDD12_TSADC_CPU=1.128,VDD12_TSADC_SOC=1.128,VDD12_ULPPLL_FLPPLL=1.128,VDD12_USB=1.128,VDD12_USB_DEBUG=1.128,VDD12_XTAL=1.128,VDD2H=0,VDDIO12_AOP=1.2,VDDIO12_CIO=1.2,VDDIO12_GRP=1.2,VDDQL_DDR=0.541,vdd_pcpu=0.655		PP_IBZA0_C_IN00_XX_C0XX_XXX_XXX_XXX_MEXXXX_DM_SRMDSSC_E_3_A0_2201200722.PAT,
DD_IBZA0_C_IN01_SC_C0F7_TDF_COM_AUT_MEXXXX_DM_DIV144_TOPOFF_2_A0_2201070717.PAT,
PP_IBZA0_C_IN02_XX_CLXX_XXX_XXX_XXX_MEX001_DM_3_A0_2201130341.PAT,
DD_IBZA0_C_PL00_SC_C0F7_TDF_COM_AUT_MEXXXX_DM_DIV144_TOPOFF_2_A0_2112301841.PAT	DD_IBZA0_C_PL00_SC_C0F7_TDF_COM_AUT_MEXXXX_DM_DIV144_TOPOFF_2_A0_2112301841.PAT		
123416	1D	AI21SET12	AI21SET12_CPUTD_ME007_MEX007_PP_IBZA0_C_PL00_SC_C0F7_TDF_COM_AUT_MEXXXX_DM_DIV144_BV_VDD_PCPU	AI21_VDD_PCPU	XI0_DIFF = 24.00 MHz ,RT_CLK32768 = 32768 Hz ,	TIMESET_IBZA0_C_SC_DM_2	Shiftin_Freq = 23.98 Mhz	VDD_PCPU=1.4000:0.4000:0.0250		VDD_PCPU=0.655,VDD_ECPU=0.895,VDD_GPU=0.51,VDD_SOC=0.95,VDD_DCS_DDR=0.55,VDD_DISP=0.555,VDD_CPU_SRAM=1,VDD_SRAM_GPU=0.85,VDD_SRAM_SOC=0.85,VDD_FIXED_AMUX=0.765,VDD_FIXED_CPU=0.765,VDD_FIXED_GRP=0.765,VDD_FIXED_LPDP_RX=0.765,VDD_FIXED_LPDP_TX=0.765,VDD_FIXED_MIPI=0.765,VDD_FIXED_PCIE=0.765,VDD_FIXED_PCIE_REFBUF=0.765,VDD_FIXED_PCPU_MTR=0.765,VDD_FIXED_PLL=0.765,VDD_FIXED_PLL_DCSCLKGEN=0.765,VDD_FIXED_PLL_DDR=0.765,VDD_FIXED_PLL_SOC=0.765,VDD_FIXED_XTAL=0.765,VDD_LOW=0.8,VDD_CIO=0.81,VDD_CIO_USB=0.855,VDD_LOW_FLPPLL=0.74,VDD_LOW_ULPPLL=0.74,VDD_LOW_USB_DEBUG=0.74,VDD_MEMLP5_DDR=1.053,VDD_TD=0.799,VDD1=0,VDD12_ADC_SOC=1.128,VDD12_AMUX=1.128,VDD12_EFUSE0=0,VDD12_EFUSE1=0,VDD12_EFUSE2=0,VDD12_EFUSE3=0,VDD12_EFUSE4=0,VDD12_EFUSE5=0,VDD12_FMON=1.128,VDD12_HSCDFT=1.128,VDD12_LPDP_RX=1.128,VDD12_LPDP_TX=1.128,VDD12_MIPIC=1.128,VDD12_PCIE=1.128,VDD12_PCIE_REFBUF=1.128,VDD12_PLL=1.128,VDD12_PLL_DCS=1.128,VDD12_PLL_DDR=1.128,VDD12_PLL_SOC=1.128,VDD12_TSADC_CPU=1.128,VDD12_TSADC_SOC=1.128,VDD12_ULPPLL_FLPPLL=1.128,VDD12_USB=1.128,VDD12_USB_DEBUG=1.128,VDD12_XTAL=1.128,VDD2H=0,VDDIO12_AOP=1.2,VDDIO12_CIO=1.2,VDDIO12_GRP=1.2,VDDQL_DDR=0.541,vdd_pcpu=0.655		PP_IBZA0_C_IN00_XX_C0XX_XXX_XXX_XXX_MEXXXX_DM_SRMDSSC_E_3_A0_2201200722.PAT,
DD_IBZA0_C_IN01_SC_C0F7_TDF_COM_AUT_MEXXXX_DM_DIV144_TOPOFF_2_A0_2201070717.PAT,
PP_IBZA0_C_IN02_XX_CLXX_XXX_XXX_XXX_MEX007_DM_3_A0_2201130341.PAT,
DD_IBZA0_C_PL00_SC_C0F7_TDF_COM_AUT_MEXXXX_DM_DIV144_TOPOFF_2_A0_2112301841.PAT	DD_IBZA0_C_PL00_SC_C0F7_TDF_COM_AUT_MEXXXX_DM_DIV144_TOPOFF_2_A0_2112301841.PAT		
123453	1D	AI21SET13	AI21SET13_CPUTD_MP001_MPX001_PP_IBZA0_C_PLXX_SC_C307_TDF_COM_AUT_MPXXXX_DM_DIV144_BV_VDD_PCPU	AI21_VDD_PCPU	XI0_DIFF = 24.00 MHz ,RT_CLK32768 = 32768 Hz ,	TIMESET_IBZA0_C_SC_DM_2	Shiftin_Freq = 23.98 Mhz	VDD_PCPU=1.4000:0.4000:0.0250		VDD_PCPU=0.515,VDD_ECPU=0.495,VDD_GPU=0.51,VDD_SOC=0.95,VDD_DCS_DDR=0.55,VDD_DISP=0.555,VDD_CPU_SRAM=0.85,VDD_SRAM_GPU=0.85,VDD_SRAM_SOC=0.85,VDD_FIXED_AMUX=0.765,VDD_FIXED_CPU=0.765,VDD_FIXED_GRP=0.765,VDD_FIXED_LPDP_RX=0.765,VDD_FIXED_LPDP_TX=0.765,VDD_FIXED_MIPI=0.765,VDD_FIXED_PCIE=0.765,VDD_FIXED_PCIE_REFBUF=0.765,VDD_FIXED_PCPU_MTR=0.765,VDD_FIXED_PLL=0.765,VDD_FIXED_PLL_DCSCLKGEN=0.765,VDD_FIXED_PLL_DDR=0.765,VDD_FIXED_PLL_SOC=0.765,VDD_FIXED_XTAL=0.765,VDD_LOW=0.8,VDD_CIO=0.81,VDD_CIO_USB=0.855,VDD_LOW_FLPPLL=0.74,VDD_LOW_ULPPLL=0.74,VDD_LOW_USB_DEBUG=0.74,VDD_MEMLP5_DDR=1.053,VDD_TD=0.799,VDD1=0,VDD12_ADC_SOC=1.128,VDD12_AMUX=1.128,VDD12_EFUSE0=0,VDD12_EFUSE1=0,VDD12_EFUSE2=0,VDD12_EFUSE3=0,VDD12_EFUSE4=0,VDD12_EFUSE5=0,VDD12_FMON=1.128,VDD12_HSCDFT=1.128,VDD12_LPDP_RX=1.128,VDD12_LPDP_TX=1.128,VDD12_MIPIC=1.128,VDD12_PCIE=1.128,VDD12_PCIE_REFBUF=1.128,VDD12_PLL=1.128,VDD12_PLL_DCS=1.128,VDD12_PLL_DDR=1.128,VDD12_PLL_SOC=1.128,VDD12_TSADC_CPU=1.128,VDD12_TSADC_SOC=1.128,VDD12_ULPPLL_FLPPLL=1.128,VDD12_USB=1.128,VDD12_USB_DEBUG=1.128,VDD12_XTAL=1.128,VDD2H=0,VDDIO12_AOP=1.2,VDDIO12_CIO=1.2,VDDIO12_GRP=1.2,VDDQL_DDR=0.541,vdd_pcpu=0.515		PP_IBZA0_C_IN00_XX_CX0X_XXX_XXX_XXX_MPXXXX_DM_SRMDSSC_P_2_A0_2201200718.PAT,
DD_IBZA0_C_IN01_SC_C307_TDF_COM_AUT_MPXXXX_DM_DIV144_TOPOFF_2_A0_2201080129.PAT,
PP_IBZA0_C_IN02_XX_CLXX_XXX_XXX_XXX_MPX001_DM_3_A0_2201130603.PAT,
DD_IBZA0_C_PL00_SC_C307_TDF_COM_AUT_MPXXXX_DM_DIV144_TOPOFF_2_A0_2201010549.PAT	DD_IBZA0_C_PL00_SC_C307_TDF_COM_AUT_MPXXXX_DM_DIV144_TOPOFF_2_A0_2201010549.PAT		
123490	1D	AI21SET14	AI21SET14_CPUTD_MP00E_MPX00G_CHC3_DD_IBZA0_C_PL00_SC_C307_TDF_COM_AUT_MPXXXX_DM_DIV144_CH_BV_VDD_PCPU	AI21_VDD_PCPU	XI0_DIFF = 24.00 MHz ,RT_CLK32768 = 32768 Hz ,	TIMESET_IBZA0_C_SC_DM_2	Shiftin_Freq = 23.98 Mhz	VDD_PCPU=1.4000:0.4000:0.0250		VDD_PCPU=0.955,VDD_ECPU=0.495,VDD_GPU=0.51,VDD_SOC=0.95,VDD_DCS_DDR=0.55,VDD_DISP=0.555,VDD_CPU_SRAM=1.035,VDD_SRAM_GPU=0.85,VDD_SRAM_SOC=0.85,VDD_FIXED_AMUX=0.765,VDD_FIXED_CPU=0.765,VDD_FIXED_GRP=0.765,VDD_FIXED_LPDP_RX=0.765,VDD_FIXED_LPDP_TX=0.765,VDD_FIXED_MIPI=0.765,VDD_FIXED_PCIE=0.765,VDD_FIXED_PCIE_REFBUF=0.765,VDD_FIXED_PCPU_MTR=0.765,VDD_FIXED_PLL=0.765,VDD_FIXED_PLL_DCSCLKGEN=0.765,VDD_FIXED_PLL_DDR=0.765,VDD_FIXED_PLL_SOC=0.765,VDD_FIXED_XTAL=0.765,VDD_LOW=0.8,VDD_CIO=0.81,VDD_CIO_USB=0.855,VDD_LOW_FLPPLL=0.74,VDD_LOW_ULPPLL=0.74,VDD_LOW_USB_DEBUG=0.74,VDD_MEMLP5_DDR=1.053,VDD_TD=0.799,VDD1=0,VDD12_ADC_SOC=1.128,VDD12_AMUX=1.128,VDD12_EFUSE0=0,VDD12_EFUSE1=0,VDD12_EFUSE2=0,VDD12_EFUSE3=0,VDD12_EFUSE4=0,VDD12_EFUSE5=0,VDD12_FMON=1.128,VDD12_HSCDFT=1.128,VDD12_LPDP_RX=1.128,VDD12_LPDP_TX=1.128,VDD12_MIPIC=1.128,VDD12_PCIE=1.128,VDD12_PCIE_REFBUF=1.128,VDD12_PLL=1.128,VDD12_PLL_DCS=1.128,VDD12_PLL_DDR=1.128,VDD12_PLL_SOC=1.128,VDD12_TSADC_CPU=1.128,VDD12_TSADC_SOC=1.128,VDD12_ULPPLL_FLPPLL=1.128,VDD12_USB=1.128,VDD12_USB_DEBUG=1.128,VDD12_XTAL=1.128,VDD2H=0,VDDIO12_AOP=1.2,VDDIO12_CIO=1.2,VDDIO12_GRP=1.2,VDDQL_DDR=0.541,vdd_pcpu=0.955		PP_IBZA0_C_IN00_XX_CX0X_XXX_XXX_XXX_MPXXXX_DM_SRMDSSC_P_2_A0_2201200718.PAT,
DD_IBZA0_C_IN01_SC_C307_TDF_COM_AUT_MPXXXX_DM_DIV144_TOPOFF_2_A0_2201080129.PAT,
PP_IBZA0_C_IN02_XX_CLXX_XXX_XXX_XXX_MPX00L_DM_2_A0_2201130603.PAT,
DD_IBZA0_C_PL00_SC_C307_TDF_COM_AUT_MPXXXX_DM_DIV144_TOPOFF_2_A0_2201010549.PAT	DD_IBZA0_C_PL00_SC_C307_TDF_COM_AUT_MPXXXX_DM_DIV144_TOPOFF_2_A0_2201010549.PAT		
