Test Num	Type	Category	Test Instance	Test Setup	Die Count	Pass Rate	LVCC:Min	LVCC:Max	LVCC:Avg	Spec	LVCC <= Spec -10%	HVCC:Min	HVCC:Max	HVCC:Avg	HVCC >= Spec +10%	Pattern List	Payload	
123027	1D	AI21SET1	AI21SET1_CPUSA_PP_IBZA0_C_PL00_SC_C0F7_SAA_COM_AUT_MEXXXX_DM_LV_VDD_PCPU	AI21_VDD_PCPU	3	100	0.4	0.4	0.4	VDD_PCPU:0.65	100	1.4	1.4	1.4	100	PP_IBZA0_C_IN00_XX_C0XX_XXX_XXX_XXX_MEXXXX_DM_SRMDSSC_E_3_A0_2201200722.PAT,
DD_IBZA0_C_IN01_SC_C0F7_SAA_COM_AUT_MEXXXX_DM_TOPOFF_3_A0_2201141839.PAT,
DD_IBZA0_C_PLLP_CH_C0F7_SAA_COM_AUT_MEXXXX_DM_TOPOFF_4_A0_2201141832.PAT	DD_IBZA0_C_PLLP_CH_C0F7_SAA_COM_AUT_MEXXXX_DM_TOPOFF_4_A0_2201141832.PAT	
123055	1D	AI21SET2	AI21SET2_CPUSA_PP_IBZA0_C_PL00_SC_C0F7_SAA_COM_AUT_MEXXXX_DM_LV_VDD_PCPU	AI21_VDD_PCPU	3	100	0.4	0.4	0.4	VDD_PCPU:0.65	100	1.4	1.4	1.4	100	PP_IBZA0_C_IN00_XX_C0XX_XXX_XXX_XXX_MEXXXX_DM_SRMDSSC_E_3_A0_2201200722.PAT,
DD_IBZA0_C_IN01_SC_C0F7_SAA_COM_AUT_MEXXXX_DM_TOPOFF_3_A0_2201141839.PAT,
DD_IBZA0_C_PL00_SC_C0F7_SAA_COM_AUT_MEXXXX_DM_TOPOFF_4_A0_2201141832.PAT	DD_IBZA0_C_PL00_SC_C0F7_SAA_COM_AUT_MEXXXX_DM_TOPOFF_4_A0_2201141832.PAT	
123092	1D	AI21SET3	AI21SET3_CPUSA_PP_IBZA0_C_PL00_SC_C307_SAA_COM_AUT_MPXXXX_DM_LV_VDD_PCPU	AI21_VDD_PCPU	3	100	0.425	0.475	0.45	VDD_PCPU:0.65	100	1.4	1.4	1.4	100	PP_IBZA0_C_IN00_XX_CX0X_XXX_XXX_XXX_MPXXXX_DM_SRMDSSC_P_2_A0_2201200718.PAT,
DD_IBZA0_C_IN01_SC_C307_SAA_COM_AUT_MPXXXX_DM_TOPOFF_3_A0_2201161602.PAT,
DD_IBZA0_C_PLLP_CH_C307_SAA_COM_AUT_MPXXXX_DM_TOPOFF_3_A0_2201160110.PAT	DD_IBZA0_C_PLLP_CH_C307_SAA_COM_AUT_MPXXXX_DM_TOPOFF_3_A0_2201160110.PAT	
123138	1D	AI21SET4	AI21SET4_CPUSA_PP_IBZA0_C_PL00_SC_C307_SAA_COM_AUT_MPXXXX_DM_LV_VDD_PCPU	AI21_VDD_PCPU	3	100	0.45	0.5	0.475	VDD_PCPU:0.65	100	1.3	1.3	1.3	100	PP_IBZA0_C_IN00_XX_CX0X_XXX_XXX_XXX_MPXXXX_DM_SRMDSSC_P_2_A0_2201200718.PAT,
DD_IBZA0_C_IN01_SC_C307_SAA_COM_AUT_MPXXXX_DM_TOPOFF_3_A0_2201161602.PAT,
DD_IBZA0_C_PL00_SC_C307_SAA_COM_AUT_MPXXXX_DM_TOPOFF_3_A0_2201160110.PAT	DD_IBZA0_C_PL00_SC_C307_SAA_COM_AUT_MPXXXX_DM_TOPOFF_3_A0_2201160110.PAT	
123166	1D	AI21SET5	AI21SET5_CPUSA_PP_IBZA0_C_PL00_SC_C0F7_SAA_COM_AUT_MEXXXX_DM_LV_VDD_PCPU	AI21_VDD_PCPU	3	100	0.4	0.4	0.4	VDD_PCPU:0.65	100	1.4	1.4	1.4	100	PP_IBZA0_C_IN00_XX_C0XX_XXX_XXX_XXX_MEXXXX_DM_SRMDSSC_E_3_A0_2201200722.PAT,
DD_IBZA0_C_IN01_SC_C0F7_SAA_COM_AUT_MEXXXX_DM_TOPOFF2_1_A0_2111290747.PAT,
DD_IBZA0_C_PLLP_CH_C0F7_SAA_COM_AUT_MEXXXX_DM_TOPOFF2_1_A0_2111290751.PAT	DD_IBZA0_C_PLLP_CH_C0F7_SAA_COM_AUT_MEXXXX_DM_TOPOFF2_1_A0_2111290751.PAT	
123194	1D	AI21SET6	AI21SET6_CPUSA_PP_IBZA0_C_PL00_SC_C0F7_SAA_COM_AUT_MEXXXX_DM_LV_VDD_PCPU	AI21_VDD_PCPU	3	100	0.4	0.4	0.4	VDD_PCPU:0.65	100	1.4	1.4	1.4	100	PP_IBZA0_C_IN00_XX_C0XX_XXX_XXX_XXX_MEXXXX_DM_SRMDSSC_E_3_A0_2201200722.PAT,
DD_IBZA0_C_IN01_SC_C0F7_SAA_COM_AUT_MEXXXX_DM_TOPOFF2_1_A0_2111290747.PAT,
DD_IBZA0_C_PL00_SC_C0F7_SAA_COM_AUT_MEXXXX_DM_TOPOFF2_1_A0_2111290751.PAT	DD_IBZA0_C_PL00_SC_C0F7_SAA_COM_AUT_MEXXXX_DM_TOPOFF2_1_A0_2111290751.PAT	
123231	1D	AI21SET7	AI21SET7_CPUSA_PP_IBZA0_C_PL00_SC_C307_SAA_COM_AUT_MPXXXX_DM_LV_VDD_PCPU	AI21_VDD_PCPU	3	100	0.425	0.475	0.45	VDD_PCPU:0.65	100	1.4	1.4	1.4	100	PP_IBZA0_C_IN00_XX_CX0X_XXX_XXX_XXX_MPXXXX_DM_SRMDSSC_P_2_A0_2201200718.PAT,
DD_IBZA0_C_IN01_SC_C307_SAA_COM_AUT_MPXXXX_DM_TOPOFF2_2_A0_2201080220.PAT,
DD_IBZA0_C_PLLP_CH_C307_SAA_COM_AUT_MPXXXX_DM_TOPOFF2_2_A0_2201010549.PAT	DD_IBZA0_C_PLLP_CH_C307_SAA_COM_AUT_MPXXXX_DM_TOPOFF2_2_A0_2201010549.PAT	
123280	1D	AI21SET8	AI21SET8_CPUSA_PP_IBZA0_C_PL00_SC_C307_SAA_COM_AUT_MPXXXX_DM_LV_VDD_PCPU	AI21_VDD_PCPU	3	100	0.45	0.475	0.467	VDD_PCPU:0.65	100	1.325	1.325	1.325	100	PP_IBZA0_C_IN00_XX_CX0X_XXX_XXX_XXX_MPXXXX_DM_SRMDSSC_P_2_A0_2201200718.PAT,
DD_IBZA0_C_IN01_SC_C307_SAA_COM_AUT_MPXXXX_DM_TOPOFF2_2_A0_2201080220.PAT,
DD_IBZA0_C_PL00_SC_C307_SAA_COM_AUT_MPXXXX_DM_TOPOFF2_2_A0_2201010549.PAT	DD_IBZA0_C_PL00_SC_C307_SAA_COM_AUT_MPXXXX_DM_TOPOFF2_2_A0_2201010549.PAT	
123308	1D	AI21SET9	AI21SET9_CPUSA_PP_IBZA0_C_PL00_SC_C0F7_SAA_COM_AUT_MEXXXX_DM_LV_VDD_PCPU	AI21_VDD_PCPU	3	100	0.4	0.4	0.4	VDD_PCPU:0.65	100	1.4	1.4	1.4	100	PP_IBZA0_C_IN00_XX_C0XX_XXX_XXX_XXX_MEXXXX_DM_SRMDSSC_E_3_A0_2201200722.PAT,
DD_IBZA0_C_IN01_SC_C0F7_SAA_UNC_AUT_MEXXXX_DM_RET_2_A0_2201151737.PAT,
DD_IBZA0_C_PLLP_CH_C0F7_SAA_UNC_AUT_MEXXXX_DM_RETESRM_2_A0_2201151737.PAT	DD_IBZA0_C_PLLP_CH_C0F7_SAA_UNC_AUT_MEXXXX_DM_RETESRM_2_A0_2201151737.PAT	
123342	1D	AI21SET10	AI21SET10_CPUSA_PP_IBZA0_C_PL00_SC_C307_SAA_COM_AUT_MPXXXX_DM_LV_VDD_PCPU	AI21_VDD_PCPU	3	100	0.425	0.45	0.433	VDD_PCPU:0.65	100	1.4	1.4	1.4	100	PP_IBZA0_C_IN00_XX_CX0X_XXX_XXX_XXX_MPXXXX_DM_SRMDSSC_P_2_A0_2201200718.PAT,
DD_IBZA0_C_IN01_SC_C307_SAA_UNC_AUT_MPXXXX_DM_RET_3_A0_2201151909.PAT,
DD_IBZA0_C_PLLP_CH_C307_SAA_UNC_AUT_MPXXXX_DM_RETPSRM_3_A0_2201151909.PAT	DD_IBZA0_C_PLLP_CH_C307_SAA_UNC_AUT_MPXXXX_DM_RETPSRM_3_A0_2201151909.PAT	
123379	1D	AI21SET11	AI21SET11_CPUTD_ME001_MEX001_PP_IBZA0_C_PLXX_SC_C0F7_TDF_COM_AUT_MEXXXX_DM_DIV144_BV_VDD_PCPU	AI21_VDD_PCPU	3	100	0.4	0.4	0.4	VDD_PCPU:0.655	100	1.4	1.4	1.4	100	PP_IBZA0_C_IN00_XX_C0XX_XXX_XXX_XXX_MEXXXX_DM_SRMDSSC_E_3_A0_2201200722.PAT,
DD_IBZA0_C_IN01_SC_C0F7_TDF_COM_AUT_MEXXXX_DM_DIV144_TOPOFF_2_A0_2201070717.PAT,
PP_IBZA0_C_IN02_XX_CLXX_XXX_XXX_XXX_MEX001_DM_3_A0_2201130341.PAT,
DD_IBZA0_C_PL00_SC_C0F7_TDF_COM_AUT_MEXXXX_DM_DIV144_TOPOFF_2_A0_2112301841.PAT	DD_IBZA0_C_PL00_SC_C0F7_TDF_COM_AUT_MEXXXX_DM_DIV144_TOPOFF_2_A0_2112301841.PAT	
123416	1D	AI21SET12	AI21SET12_CPUTD_ME007_MEX007_PP_IBZA0_C_PL00_SC_C0F7_TDF_COM_AUT_MEXXXX_DM_DIV144_BV_VDD_PCPU	AI21_VDD_PCPU	3	100	0.4	0.4	0.4	VDD_PCPU:0.655	100	1.4	1.4	1.4	100	PP_IBZA0_C_IN00_XX_C0XX_XXX_XXX_XXX_MEXXXX_DM_SRMDSSC_E_3_A0_2201200722.PAT,
DD_IBZA0_C_IN01_SC_C0F7_TDF_COM_AUT_MEXXXX_DM_DIV144_TOPOFF_2_A0_2201070717.PAT,
PP_IBZA0_C_IN02_XX_CLXX_XXX_XXX_XXX_MEX007_DM_3_A0_2201130341.PAT,
DD_IBZA0_C_PL00_SC_C0F7_TDF_COM_AUT_MEXXXX_DM_DIV144_TOPOFF_2_A0_2112301841.PAT	DD_IBZA0_C_PL00_SC_C0F7_TDF_COM_AUT_MEXXXX_DM_DIV144_TOPOFF_2_A0_2112301841.PAT	
123453	1D	AI21SET13	AI21SET13_CPUTD_MP001_MPX001_PP_IBZA0_C_PLXX_SC_C307_TDF_COM_AUT_MPXXXX_DM_DIV144_BV_VDD_PCPU	AI21_VDD_PCPU	3	0	0	0	0	N/A	0	0	0	0	0	PP_IBZA0_C_IN00_XX_CX0X_XXX_XXX_XXX_MPXXXX_DM_SRMDSSC_P_2_A0_2201200718.PAT,
DD_IBZA0_C_IN01_SC_C307_TDF_COM_AUT_MPXXXX_DM_DIV144_TOPOFF_2_A0_2201080129.PAT,
PP_IBZA0_C_IN02_XX_CLXX_XXX_XXX_XXX_MPX001_DM_3_A0_2201130603.PAT,
DD_IBZA0_C_PL00_SC_C307_TDF_COM_AUT_MPXXXX_DM_DIV144_TOPOFF_2_A0_2201010549.PAT	DD_IBZA0_C_PL00_SC_C307_TDF_COM_AUT_MPXXXX_DM_DIV144_TOPOFF_2_A0_2201010549.PAT	
123490	1D	AI21SET14	AI21SET14_CPUTD_MP00E_MPX00G_CHC3_DD_IBZA0_C_PL00_SC_C307_TDF_COM_AUT_MPXXXX_DM_DIV144_CH_BV_VDD_PCPU	AI21_VDD_PCPU	3	0	0	0	0	N/A	0	0	0	0	0	PP_IBZA0_C_IN00_XX_CX0X_XXX_XXX_XXX_MPXXXX_DM_SRMDSSC_P_2_A0_2201200718.PAT,
DD_IBZA0_C_IN01_SC_C307_TDF_COM_AUT_MPXXXX_DM_DIV144_TOPOFF_2_A0_2201080129.PAT,
PP_IBZA0_C_IN02_XX_CLXX_XXX_XXX_XXX_MPX00L_DM_2_A0_2201130603.PAT,
DD_IBZA0_C_PL00_SC_C307_TDF_COM_AUT_MPXXXX_DM_DIV144_TOPOFF_2_A0_2201010549.PAT	DD_IBZA0_C_PL00_SC_C307_TDF_COM_AUT_MPXXXX_DM_DIV144_TOPOFF_2_A0_2201010549.PAT	
