DTTestInstancesSheet,version=2.4:platform=Jaguar:toprow=-1:leftcol=-1:rightcol=-1	Test Instances
	
		Test Procedure			DC Specs		AC Specs		Sheet Parameters					Other Parameters
	Test Name	Type	Name	Called As	Category	Selector	Category	Selector	Time Sets	Edge Sets	Pin Levels	Mixed Signal Timing	Overlay	Arg0	Arg1	Arg2	Arg3	Arg4	Arg5	Arg6	Arg7	Arg8	Arg9	Arg10	Arg11	Arg12	Arg13	Arg14	Arg15	Arg16	Arg17	Arg18	Arg19	Arg20	Arg21	Arg22	Arg23	Arg24	Arg25	Arg26	Arg27	Arg28	Arg29	Arg30	Arg31	Arg32	Arg33	Arg34	Arg35	Arg36	Arg37	Arg38	Arg39	Arg40	Arg41	Arg42	Arg43	Arg44	Arg45	Arg46	Arg47	Arg48	Arg49	Arg50	Arg51	Arg52	Arg53	Arg54	Arg55	Arg56	Arg57	Arg58	Arg59	Arg60	Arg61	Arg62	Arg63	Arg64	Arg65	Arg66	Arg67	Arg68	Arg69	Arg70	Arg71	Arg72	Arg73	Arg74	Arg75	Arg76	Arg77	Arg78	Arg79	Arg80	Arg81	Arg82	Arg83	Arg84	Arg85	Arg86	Arg87	Arg88	Arg89	Arg90	Arg91	Arg92	Arg93	Arg94	Arg95	Arg96	Arg97	Arg98	Arg99	Arg100	Arg101	Arg102	Arg103	Arg104	Arg105	Arg106	Arg107	Arg108	Arg109	Arg110	Arg111	Arg112	Arg113	Arg114	Arg115	Arg116	Arg117	Arg118	Arg119	Arg120	Arg121	Arg122	Arg123	Arg124	Arg125	Arg126	Arg127	Arg128	Arg129	Comment
	BSTLQ_Trim_Header	VBT	Print_Header											PrintInfo	BSTLQ_Trim																																																																																																																																	
	BSTLQ_Trim_Footer	VBT	Print_Footer											PrintInfo	BSTLQ_Trim																																																																																																																																	
	BSTLQ_PostBurn_Header	VBT	Print_Header											PrintInfo	BSTLQ_PostBurn																																																																																																																																	
	BSTLQ_PostBurn_Footer	VBT	Print_Footer											PrintInfo	BSTLQ_PostBurn																																																																																																																																	
	BSTLQ_PostBurn_LV_Header	VBT	Print_Header											PrintInfo	BSTLQ_PostBurn_LV																																																																																																																																	
	BSTLQ_PostBurn_LV_Footer	VBT	Print_Footer											PrintInfo	BSTLQ_PostBurn_LV																																																																																																																																	
	BSTLQ_PostBurn_HV_Header	VBT	Print_Header											PrintInfo	BSTLQ_PostBurn_HV																																																																																																																																	
	BSTLQ_PostBurn_HV_Footer	VBT	Print_Footer											PrintInfo	BSTLQ_PostBurn_HV																																																																																																																																	
	BSTLQ_PostBurn_UHV_Header	VBT	Print_Header											PrintInfo	BSTLQ_PostBurn_UHV																																																																																																																																	
	BSTLQ_PostBurn_UHV_Footer	VBT	Print_Footer											PrintInfo	BSTLQ_PostBurn_UHV																																																																																																																																	
	BSTLQ_ZCD_Trim_Gentool	VBT	BSTLQ_ZCD_Trim_Gentool		Analog	Typ	Common	Typ			Levels_Analog			bPreTrimCheck, bIsTRIM, bIsSweepCode, bEnSweepAnalog	FALSE	TRUE	TRUE	TRUE																																																																																																																														
	BSTLQ_OVA_Trim_Gentool	VBT	BSTLQ_OVA_Trim_Gentool		Analog	Typ	Common	Typ			Levels_Analog			bPreTrimCheck, bIsTRIM, bIsSweepCode, bEnSweepAnalog	FALSE	TRUE	TRUE	TRUE																																																																																																																														
	BSTLQ_OVLO_Comp_Test_Gentool	VBT	BSTLQ_OVLO_Comp_Test_Gentool		Analog	Typ	Common	Typ			Levels_Analog			bPreTrimCheck, bIsTRIM, bIsSweepCode, bEnSweepAnalog	FALSE	TRUE	TRUE	TRUE																																																																																																																														
	BSTLQ_UVLO_Comp_Test_Gentool	VBT	BSTLQ_UVLO_Comp_Test_Gentool		Analog	Typ	Common	Typ			Levels_Analog			bPreTrimCheck, bIsTRIM, bIsSweepCode, bEnSweepAnalog	FALSE	TRUE	TRUE	TRUE																																																																																																																														
	BSTLQ_BP_Comp_Test_Gentool	VBT	BSTLQ_BP_Comp_Test_Gentool		Analog	Typ	Common	Typ			Levels_Analog			bPreTrimCheck, bIsTRIM, bIsSweepCode, bEnSweepAnalog	FALSE	TRUE	TRUE	TRUE																																																																																																																														
	BSTLQ_PNRDSON_Test_Gentool	VBT	BSTLQ_PNRDSON_Test_Gentool		Analog	Typ	Common	Typ			Levels_Analog			bIsTRIM, bPreTrimCheck, bEnableTrimlink	TRUE	FALSE	FALSE																																																																																																																															
	BSTLQ_Leakage_Test_Gentool	VBT	BSTLQ_Leakage_Test_Gentool		Analog	Typ	Common	Typ			Levels_Analog			bIsTRIM, bPreTrimCheck, bEnableTrimlink	TRUE	FALSE	FALSE																																																																																																																															
	BSTLQ_ZX_Comp_Ibias_Gentool	VBT	BSTLQ_ZX_Comp_Ibias_Gentool		Analog	Typ	Common	Typ			Levels_Analog			bIsTRIM, bPreTrimCheck, bEnableTrimlink	TRUE	FALSE	FALSE																																																																																																																															
	BSTLQ_CL_Test_Gentool	VBT	BSTLQ_CL_Test_Gentool		Analog	Typ	Common	Typ			Levels_Analog			bIsTRIM, bPreTrimCheck, bEnableTrimlink	TRUE	FALSE	FALSE																																																																																																																															
	BSTLQ_VSAFE_Comp_Test_Gentool	VBT	BSTLQ_VSAFE_Comp_Test_Gentool		Analog	Typ	Common	Typ			Levels_Analog			bPreTrimCheck, bIsTRIM, bIsSweepCode, bEnSweepAnalog	FALSE	TRUE	TRUE	TRUE																																																																																																																														
	BSTLQ_VTH_VSAFE_Test_Gentool	VBT	BSTLQ_VTH_VSAFE_Test_Gentool		Analog	Typ	Common	Typ			Levels_Analog			bIsTRIM, bPreTrimCheck, bEnableTrimlink	TRUE	FALSE	FALSE																																																																																																																															
	BSTLQ_IQ_Test_Gentool	VBT	BSTLQ_IQ_Test_Gentool		Analog	Typ	Common	Typ			Levels_Analog			bIsTRIM, bPreTrimCheck, bEnableTrimlink	TRUE	FALSE	FALSE																																																																																																																															
	BSTLQ_IQ_Test_Gentool_FWTrim	VBT	BSTLQ_IQ_Test_Gentool_FWTrim		Analog	Typ	Common	Typ			Levels_Analog			bIsTRIM	TRUE																																																																																																																																	
	BSTLQ_IQ_Test_Gentool_FW_DTB_AnaI	VBT	BSTLQ_IQ_Test_Gentool_FW_DTB_AnaI		Analog	Typ	Common	Typ			Levels_Analog			bIsTRIM	TRUE																																																																																																																																	
	BSTLQ_IQ_Test_Gentool_FW_DTB_AnaV	VBT	BSTLQ_IQ_Test_Gentool_FW_DTB_AnaV		Analog	Typ	Common	Typ			Levels_Analog			bIsTRIM	TRUE																																																																																																																																	
	BSTLQ_IQ_Test_Gentool_FW_ATB_3StepTrim	VBT	BSTLQ_IQ_Test_Gentool_FW_ATB_3StepTrim		Analog	Typ	Common	Typ			Levels_Analog			bIsTRIM, bPreTrimCheck, bEnableTrimlink	TRUE	FALSE	FALSE																																																																																																																															
	BSTLQ_ZCD_PostBurn_Gentool	VBT	BSTLQ_ZCD_Trim_Gentool		Analog	Typ	Common	Typ			Levels_Analog			bPreTrimCheck, bIsTRIM, bIsSweepCode, bEnSweepAnalog	FALSE	FALSE	FALSE	TRUE																																																																																																																														
	BSTLQ_OVA_PostBurn_Gentool	VBT	BSTLQ_OVA_Trim_Gentool		Analog	Typ	Common	Typ			Levels_Analog			bPreTrimCheck, bIsTRIM, bIsSweepCode, bEnSweepAnalog	FALSE	FALSE	FALSE	TRUE																																																																																																																														
	BSTLQ_OVLO_Comp_Test_Gentool_PostBurn	VBT	BSTLQ_OVLO_Comp_Test_Gentool		Analog	Typ	Common	Typ			Levels_Analog			bPreTrimCheck, bIsTRIM, bIsSweepCode, bEnSweepAnalog	FALSE	FALSE	FALSE	TRUE																																																																																																																														
	BSTLQ_UVLO_Comp_Test_Gentool_PostBurn	VBT	BSTLQ_UVLO_Comp_Test_Gentool		Analog	Typ	Common	Typ			Levels_Analog			bPreTrimCheck, bIsTRIM, bIsSweepCode, bEnSweepAnalog	FALSE	FALSE	FALSE	TRUE																																																																																																																														
	BSTLQ_BP_Comp_Test_Gentool_PostBurn	VBT	BSTLQ_BP_Comp_Test_Gentool		Analog	Typ	Common	Typ			Levels_Analog			bPreTrimCheck, bIsTRIM, bIsSweepCode, bEnSweepAnalog	FALSE	FALSE	FALSE	TRUE																																																																																																																														
	BSTLQ_PNRDSON_Test_Gentool_PostBurn	VBT	BSTLQ_PNRDSON_Test_Gentool		Analog	Typ	Common	Typ			Levels_Analog			bIsTRIM, bPreTrimCheck, bEnableTrimlink	FALSE	FALSE	FALSE																																																																																																																															
	BSTLQ_Leakage_Test_Gentool_PostBurn	VBT	BSTLQ_Leakage_Test_Gentool		Analog	Typ	Common	Typ			Levels_Analog			bIsTRIM, bPreTrimCheck, bEnableTrimlink	FALSE	FALSE	FALSE																																																																																																																															
	BSTLQ_ZX_Comp_Ibias_Gentool_PostBurn	VBT	BSTLQ_ZX_Comp_Ibias_Gentool		Analog	Typ	Common	Typ			Levels_Analog			bIsTRIM, bPreTrimCheck, bEnableTrimlink	FALSE	FALSE	FALSE																																																																																																																															
	BSTLQ_CL_Test_Gentool_PostBurn	VBT	BSTLQ_CL_Test_Gentool		Analog	Typ	Common	Typ			Levels_Analog			bIsTRIM, bPreTrimCheck, bEnableTrimlink	FALSE	FALSE	FALSE																																																																																																																															
	BSTLQ_VSAFE_Comp_Test_Gentool_PostBurn	VBT	BSTLQ_VSAFE_Comp_Test_Gentool		Analog	Typ	Common	Typ			Levels_Analog			bPreTrimCheck, bIsTRIM, bIsSweepCode, bEnSweepAnalog	FALSE	FALSE	FALSE	TRUE																																																																																																																														
	BSTLQ_VTH_VSAFE_Test_Gentool_PostBurn	VBT	BSTLQ_VTH_VSAFE_Test_Gentool		Analog	Typ	Common	Typ			Levels_Analog			bIsTRIM, bPreTrimCheck, bEnableTrimlink	FALSE	FALSE	FALSE																																																																																																																															
	BSTLQ_IQ_Test_Gentool_PostBurn	VBT	BSTLQ_IQ_Test_Gentool		Analog	Typ	Common	Typ			Levels_Analog			bIsTRIM, bPreTrimCheck, bEnableTrimlink	FALSE	FALSE	FALSE																																																																																																																															
	BSTLQ_IQ_Test_Gentool_FWTrim_PostBurn	VBT	BSTLQ_IQ_Test_Gentool_FWTrim		Analog	Typ	Common	Typ			Levels_Analog			bIsTRIM	FALSE																																																																																																																																	
	BSTLQ_IQ_Test_Gentool_FW_DTB_AnaI_PostBurn	VBT	BSTLQ_IQ_Test_Gentool_FW_DTB_AnaI		Analog	Typ	Common	Typ			Levels_Analog			bIsTRIM	FALSE																																																																																																																																	
	BSTLQ_IQ_Test_Gentool_FW_DTB_AnaV_PostBurn	VBT	BSTLQ_IQ_Test_Gentool_FW_DTB_AnaV		Analog	Typ	Common	Typ			Levels_Analog			bIsTRIM	FALSE																																																																																																																																	
	BSTLQ_IQ_Test_Gentool_FW_ATB_3StepTrim_PostBurn	VBT	BSTLQ_IQ_Test_Gentool_FW_ATB_3StepTrim		Analog	Typ	Common	Typ			Levels_Analog			bIsTRIM, bPreTrimCheck, bEnableTrimlink	FALSE	FALSE	FALSE																																																																																																																															
	BSTLQ_IQ_Test_Gentool_FW_DTB_AnaI_Meas	VBT	BSTLQ_IQ_Test_Gentool_FW_DTB_AnaI_Meas		Analog	Typ	Common	Typ			Levels_Analog			bIsTRIM																																																																																																																																		
	BSTLQ_IQ_Test_Gentool_FW_DTB_AnaI_PostBurn_Meas	VBT	BSTLQ_IQ_Test_Gentool_FW_DTB_AnaI_Meas		Analog	Typ	Common	Typ			Levels_Analog			bIsTRIM																																																																																																																																		
	BSTLQ_IQ_Test_Gentool_FW_DTB_AnaV_Meas	VBT	BSTLQ_IQ_Test_Gentool_FW_DTB_AnaV_Meas		Analog	Typ	Common	Typ			Levels_Analog			bIsTRIM																																																																																																																																		
	BSTLQ_IQ_Test_Gentool_FW_DTB_AnaV_PostBurn_Meas	VBT	BSTLQ_IQ_Test_Gentool_FW_DTB_AnaV_Meas		Analog	Typ	Common	Typ			Levels_Analog			bIsTRIM																																																																																																																																		
