DTPatternSetSheet,version=2.2:platform=Jaguar:toprow=-1:leftcol=-1:rightcol=-1	Pattern Sets
	
	Pattern Set	TD Group	Time Domain	Enable	File/Group Name	Burst	Start Label	Stop Label	Comment
	Mbist_PP_XXXXX_C_FULP_BI_XXXX_BST_JTG_UNS_ALLFRV_SI_MBIST_BYP				PP_XXXXX_C_FULP_BI_XXXX_BST_JTG_UNS_ALLFRV_SI_MBIST_BYP	No			Row : 2
									
