DTPatternSetSheet,version=2.2:platform=Jaguar:toprow=-1:leftcol=-1:rightcol=-1	Pattern Sets
	
	Pattern Set	TD Group	Time Domain	Enable	File/Group Name	Burst	Start Label	Stop Label	Comment
	SaChain_PP_XXXXX_C_PL00_CH_CL00_SAA_COM_AUT_ALLFRV_SI				PP_XXXXX_C_PL00_CH_CL00_SAA_COM_AUT_ALLFRV_SI	No			Row : 2
	Sa_PP_XXXXX_C_PL00_SC_CL00_SAA_COM_AUT_ALLFRV_SI_TSU				PP_XXXXX_C_PL00_SC_CL00_SAA_COM_AUT_ALLFRV_SI_TSU	No			Row : 3
	Sa_PP_XXXXX_C_PL00_SC_CL00_SAA_COM_AUT_ALLFRV_SI_PL00				PP_XXXXX_C_PL00_SC_CL00_SAA_COM_AUT_ALLFRV_SI_PL00	No			Row : 4
	Sa_PP_XXXXX_C_PL00_SC_CL00_SAA_COM_AUT_ALLFRV_SI_TDF_PL00				PP_XXXXX_C_PL00_SC_CL00_SAA_COM_AUT_ALLFRV_SI_TDF_PL00	No			Row : 6
									










	Sa_PP_XXXXX_C_PL00_SC_CL00_SAA_COM_AUT_ALLFRV_SI_TDF_TSU				PP_XXXXX_C_PL00_SC_CL00_SAA_COM_AUT_ALLFRV_SI_TDF_TSU	No			Row : 5;MissPattInPatternFolder
