ErrorType	Level	Link	SheetName	Row	Col	ErrorMessage
MisVbtModule	Error			0	0	The VBT function: BSTLQ_ZCD_Trim_Gentool can not find in VBT library!
MisVbtModule	Error			0	0	The VBT function: BSTLQ_OVA_Trim_Gentool can not find in VBT library!
MisVbtModule	Error			0	0	The VBT function: BSTLQ_OVLO_Comp_Test_Gentool can not find in VBT library!
MisVbtModule	Error			0	0	The VBT function: BSTLQ_UVLO_Comp_Test_Gentool can not find in VBT library!
MisVbtModule	Error			0	0	The VBT function: BSTLQ_BP_Comp_Test_Gentool can not find in VBT library!
MisVbtModule	Error			0	0	The VBT function: BSTLQ_PNRDSON_Test_Gentool can not find in VBT library!
MisVbtModule	Error			0	0	The VBT function: BSTLQ_Leakage_Test_Gentool can not find in VBT library!
MisVbtModule	Error			0	0	The VBT function: BSTLQ_ZX_Comp_Ibias_Gentool can not find in VBT library!
MisVbtModule	Error			0	0	The VBT function: BSTLQ_CL_Test_Gentool can not find in VBT library!
MisVbtModule	Error			0	0	The VBT function: BSTLQ_VSAFE_Comp_Test_Gentool can not find in VBT library!
MisVbtModule	Error			0	0	The VBT function: BSTLQ_VTH_VSAFE_Test_Gentool can not find in VBT library!
MisVbtModule	Error			0	0	The VBT function: BSTLQ_IQ_Test_Gentool can not find in VBT library!
MisVbtModule	Error			0	0	The VBT function: BSTLQ_IQ_Test_Gentool_FWTrim can not find in VBT library!
MisVbtModule	Error			0	0	The VBT function: BSTLQ_IQ_Test_Gentool_FW_DTB_AnaI can not find in VBT library!
MisVbtModule	Error			0	0	The VBT function: BSTLQ_IQ_Test_Gentool_FW_DTB_AnaV can not find in VBT library!
MisVbtModule	Error			0	0	The VBT function: BSTLQ_IQ_Test_Gentool_FW_ATB_3StepTrim can not find in VBT library!
