DTPatternSetSheet,version=2.2:platform=Jaguar:toprow=-1:leftcol=-1:rightcol=-1	Pattern Sets
	
	Pattern Set	TD Group	Time Domain	Enable	File/Group Name	Burst	Start Label	Stop Label	Comment
	PP_XXXXX_C_FULP_BI_XXXX_BST_JTG_UNS_ALLFRV_SI_MBIST_BYP				.\PATTERN\CPU_BIST\PP_XXXXX_C_FULP_BI_XXXX_BST_JTG_UNS_ALLFRV_SI_MBIST_BYP_1_A0_1908121855.PAT:PP_XXXXX_C_FULP_BI_XXXX_BST_JTG_UNS_ALLFRV_SI_MBIST_BYP_1_A0_1908121855	NO			ProjectName_A0_Pattern_List_Ext_20190823.csv
	PP_XXXXX_C_FULP_IO_XXXX_BSR_JTG_HIZ_ALLFRV_SI_HIGHZ				.\PATTERN\HARD_IP\PP_XXXXX_C_FULP_IO_XXXX_BSR_JTG_HIZ_ALLFRV_SI_HIGHZ_1_A0_1908121850.PAT:PP_XXXXX_C_FULP_IO_XXXX_BSR_JTG_HIZ_ALLFRV_SI_HIGHZ_1_A0_1908121850	NO			ProjectName_A0_scgh_file#1_20200207.xlsx
	PP_XXXXX_C_FULP_IO_XXXX_BSR_JTG_UNS_ALLFRV_SI_VIH				.\PATTERN\HARD_IP\PP_XXXXX_C_FULP_IO_XXXX_BSR_JTG_UNS_ALLFRV_SI_VIH_1_A0_1908121850.PAT:PP_XXXXX_C_FULP_IO_XXXX_BSR_JTG_UNS_ALLFRV_SI_VIH_1_A0_1908121850	NO			ProjectName_A1_TestPlan_20220226.xlsx
	PP_XXXXX_C_FULP_JT_XXXX_WIR_JTG_UNS_ALLFRV_SI_IDCODE				.\PATTERN\HARD_IP\PP_XXXXX_C_FULP_JT_XXXX_WIR_JTG_UNS_ALLFRV_SI_IDCODE_1_A0_1908121850.PAT:PP_XXXXX_C_FULP_JT_XXXX_WIR_JTG_UNS_ALLFRV_SI_IDCODE_1_A0_1908121850	NO			
	PP_XXXXX_C_PL00_CH_CL00_SAA_COM_AUT_ALLFRV_SI				.\PATTERN\CPU_SCAN\PP_XXXXX_C_PL00_CH_CL00_SAA_COM_AUT_ALLFRV_SI_1_A0_1908130046.PAT:PP_XXXXX_C_PL00_CH_CL00_SAA_COM_AUT_ALLFRV_SI_1_A0_1908130046	NO			
	PP_XXXXX_C_PL00_SC_CL00_SAA_COM_AUT_ALLFRV_SI_PL00				.\PATTERN\CPU_SCAN\PP_XXXXX_C_PL00_SC_CL00_SAA_COM_AUT_ALLFRV_SI_PL00_4_A0_1909152233.PAT:PP_XXXXX_C_PL00_SC_CL00_SAA_COM_AUT_ALLFRV_SI_PL00_4_A0_1909152233	NO			
	PP_XXXXX_C_PL00_SC_CL00_SAA_COM_AUT_ALLFRV_SI_TDF_PL00				.\PATTERN\CPU_SCAN\PP_XXXXX_C_PL00_SC_CL00_SAA_COM_AUT_ALLFRV_SI_TDF_PL00_1_A0_1908130046.PAT:PP_XXXXX_C_PL00_SC_CL00_SAA_COM_AUT_ALLFRV_SI_TDF_PL00_1_A0_1908130046	NO			
	PP_XXXXX_C_PL00_SC_CL00_SAA_COM_AUT_ALLFRV_SI_TSU				.\PATTERN\CPU_SCAN\PP_XXXXX_C_PL00_SC_CL00_SAA_COM_AUT_ALLFRV_SI_TSU_1_A0_1908130046.PAT:PP_XXXXX_C_PL00_SC_CL00_SAA_COM_AUT_ALLFRV_SI_TSU_1_A0_1908130046	NO			
									
									
	PP_XXXXX_C_FULP_IO_XXXX_BSR_JTG_UNS_ALLFRV_SI_VIL				.\PATTERN\HARD_IP\PP_XXXXX_C_FULP_IO_XXXX_BSR_JTG_UNS_ALLFRV_SI_VIL_1_A0_1908121850.PAT:PP_XXXXX_C_FULP_IO_XXXX_BSR_JTG_UNS_ALLFRV_SI_VIL_1_A0_1908121850	NO			NonExisted
	PP_XXXXX_C_FULP_IO_XXXX_BSR_JTG_UNS_ALLFRV_SI_VOH				.\PATTERN\HARD_IP\PP_XXXXX_C_FULP_IO_XXXX_BSR_JTG_UNS_ALLFRV_SI_VOH_1_A0_1908121850.PAT:PP_XXXXX_C_FULP_IO_XXXX_BSR_JTG_UNS_ALLFRV_SI_VOH_1_A0_1908121850	NO			NonExisted
	PP_XXXXX_C_FULP_IO_XXXX_BSR_JTG_UNS_ALLFRV_SI_VOL				.\PATTERN\HARD_IP\PP_XXXXX_C_FULP_IO_XXXX_BSR_JTG_UNS_ALLFRV_SI_VOL_1_A0_1908121850.PAT:PP_XXXXX_C_FULP_IO_XXXX_BSR_JTG_UNS_ALLFRV_SI_VOL_1_A0_1908121850	NO			NonExisted
	PP_XXXXX_C_FULP_JT_XXXX_WIR_JTG_UNS_ALLFRV_SI_FPOR_SCAN				.\PATTERN\HARD_IP\PP_XXXXX_C_FULP_JT_XXXX_WIR_JTG_UNS_ALLFRV_SI_FPOR_SCAN_1_A0_1908201524.PAT:PP_XXXXX_C_FULP_JT_XXXX_WIR_JTG_UNS_ALLFRV_SI_FPOR_SCAN_1_A0_1908201524	NO			NonExisted
	PP_XXXXX_C_FULP_JT_XXXX_WIR_JTG_UNS_ALLFRV_SI_JTG				.\PATTERN\HARD_IP\PP_XXXXX_C_FULP_JT_XXXX_WIR_JTG_UNS_ALLFRV_SI_JTG_2_A0_1908121847.PAT:PP_XXXXX_C_FULP_JT_XXXX_WIR_JTG_UNS_ALLFRV_SI_JTG_2_A0_1908121847	NO			NonExisted
	PP_XXXXX_C_IN00_AN_XXXX_PFF_JTG_UNS_ALLFRV_SI_BYPCMPTH_BSTLQTSU				.\PATTERN\HARD_IP\PP_XXXXX_C_IN00_AN_XXXX_PFF_JTG_UNS_ALLFRV_SI_BYPCMPTH_BSTLQTSU_1_A0_1908222200.PAT:PP_XXXXX_C_IN00_AN_XXXX_PFF_JTG_UNS_ALLFRV_SI_BYPCMPTH_BSTLQTSU_1_A0_1908222200	NO			NonExisted
	PP_XXXXX_C_IN00_AN_XXXX_PFF_JTG_UNS_ALLFRV_SI_CLOSELOP_BSTLQTSU				.\PATTERN\HARD_IP\PP_XXXXX_C_IN00_AN_XXXX_PFF_JTG_UNS_ALLFRV_SI_CLOSELOP_BSTLQTSU_1_A0_1908222200.PAT:PP_XXXXX_C_IN00_AN_XXXX_PFF_JTG_UNS_ALLFRV_SI_CLOSELOP_BSTLQTSU_1_A0_1908222200	NO			NonExisted
	PP_XXXXX_C_IN00_AN_XXXX_PFF_JTG_UNS_ALLFRV_SI_COMMONTS_BSTLQTSU				.\PATTERN\HARD_IP\PP_XXXXX_C_IN00_AN_XXXX_PFF_JTG_UNS_ALLFRV_SI_COMMONTS_BSTLQTSU_1_A0_1908222200.PAT:PP_XXXXX_C_IN00_AN_XXXX_PFF_JTG_UNS_ALLFRV_SI_COMMONTS_BSTLQTSU_1_A0_1908222200	NO			NonExisted
	PP_XXXXX_C_IN00_AN_XXXX_PFF_JTG_UNS_ALLFRV_SI_IBIASZXC_BSTLQTSU				.\PATTERN\HARD_IP\PP_XXXXX_C_IN00_AN_XXXX_PFF_JTG_UNS_ALLFRV_SI_IBIASZXC_BSTLQTSU_1_A0_1908222200.PAT:PP_XXXXX_C_IN00_AN_XXXX_PFF_JTG_UNS_ALLFRV_SI_IBIASZXC_BSTLQTSU_1_A0_1908222200	NO			NonExisted
	PP_XXXXX_C_IN00_AN_XXXX_PFF_JTG_UNS_ALLFRV_SI_LEAKAGET_BSTLQTSU				.\PATTERN\HARD_IP\PP_XXXXX_C_IN00_AN_XXXX_PFF_JTG_UNS_ALLFRV_SI_LEAKAGET_BSTLQTSU_1_A0_1908222200.PAT:PP_XXXXX_C_IN00_AN_XXXX_PFF_JTG_UNS_ALLFRV_SI_LEAKAGET_BSTLQTSU_1_A0_1908222200	NO			NonExisted
	PP_XXXXX_C_IN00_AN_XXXX_PFF_JTG_UNS_ALLFRV_SI_NMOSRONN_BSTLQTSU				.\PATTERN\HARD_IP\PP_XXXXX_C_IN00_AN_XXXX_PFF_JTG_UNS_ALLFRV_SI_NMOSRONN_BSTLQTSU_1_A0_1908222200.PAT:PP_XXXXX_C_IN00_AN_XXXX_PFF_JTG_UNS_ALLFRV_SI_NMOSRONN_BSTLQTSU_1_A0_1908222200	NO			NonExisted
	PP_XXXXX_C_IN00_AN_XXXX_PFF_JTG_UNS_ALLFRV_SI_PMOSRONN_BSTLQTSU				.\PATTERN\HARD_IP\PP_XXXXX_C_IN00_AN_XXXX_PFF_JTG_UNS_ALLFRV_SI_PMOSRONN_BSTLQTSU_1_A0_1908222200.PAT:PP_XXXXX_C_IN00_AN_XXXX_PFF_JTG_UNS_ALLFRV_SI_PMOSRONN_BSTLQTSU_1_A0_1908222200	NO			NonExisted
	PP_XXXXX_C_IN00_AN_XXXX_PFF_JTG_UNS_ALLFRV_SI_SAFESAFE_BSTLQTSU				.\PATTERN\HARD_IP\PP_XXXXX_C_IN00_AN_XXXX_PFF_JTG_UNS_ALLFRV_SI_SAFESAFE_BSTLQTSU_1_A0_1908222200.PAT:PP_XXXXX_C_IN00_AN_XXXX_PFF_JTG_UNS_ALLFRV_SI_SAFESAFE_BSTLQTSU_1_A0_1908222200	NO			NonExisted
	PP_XXXXX_C_IN00_AN_XXXX_PFF_JTG_UNS_ALLFRV_SI_VOUTACCU_BSTLQTSU				.\PATTERN\HARD_IP\PP_XXXXX_C_IN00_AN_XXXX_PFF_JTG_UNS_ALLFRV_SI_VOUTACCU_BSTLQTSU_1_A0_1908222200.PAT:PP_XXXXX_C_IN00_AN_XXXX_PFF_JTG_UNS_ALLFRV_SI_VOUTACCU_BSTLQTSU_1_A0_1908222200	NO			NonExisted
	PP_XXXXX_C_IN00_AN_XXXX_PFF_JTG_UNS_ALLFRV_SI_VOUTOKAY_BSTLQTSU				.\PATTERN\HARD_IP\PP_XXXXX_C_IN00_AN_XXXX_PFF_JTG_UNS_ALLFRV_SI_VOUTOKAY_BSTLQTSU_1_A0_1908222200.PAT:PP_XXXXX_C_IN00_AN_XXXX_PFF_JTG_UNS_ALLFRV_SI_VOUTOKAY_BSTLQTSU_1_A0_1908222200	NO			NonExisted
	PP_XXXXX_C_IN00_AN_XXXX_PFF_JTG_UNS_ALLFRV_SI_VSAFE_BSTLQTSU				.\PATTERN\HARD_IP\PP_XXXXX_C_IN00_AN_XXXX_PFF_JTG_UNS_ALLFRV_SI_VSAFE_BSTLQTSU_1_A0_1908222200.PAT:PP_XXXXX_C_IN00_AN_XXXX_PFF_JTG_UNS_ALLFRV_SI_VSAFE_BSTLQTSU_1_A0_1908222200	NO			NonExisted
	PP_XXXXX_C_IN00_AN_XXXX_PFF_JTG_UNS_ALLFRV_SI_VTHSAFE_BSTLQTSU				.\PATTERN\HARD_IP\PP_XXXXX_C_IN00_AN_XXXX_PFF_JTG_UNS_ALLFRV_SI_VTHSAFE_BSTLQTSU_1_A0_1908222200.PAT:PP_XXXXX_C_IN00_AN_XXXX_PFF_JTG_UNS_ALLFRV_SI_VTHSAFE_BSTLQTSU_1_A0_1908222200	NO			NonExisted
	PP_XXXXX_C_IN00_AN_XXXX_PFF_JTG_UNS_ALLFRV_SI_ZEROCROS_BSTLQTSU				.\PATTERN\HARD_IP\PP_XXXXX_C_IN00_AN_XXXX_PFF_JTG_UNS_ALLFRV_SI_ZEROCROS_BSTLQTSU_1_A0_1908222200.PAT:PP_XXXXX_C_IN00_AN_XXXX_PFF_JTG_UNS_ALLFRV_SI_ZEROCROS_BSTLQTSU_1_A0_1908222200	NO			NonExisted
	PP_XXXXX_C_IN00_EF_XXXX_EFP_JTG_PRG_ALLFRV_SI_CRCMMODE_OTPTSU				.\PATTERN\HARD_IP\PP_XXXXX_C_IN00_EF_XXXX_EFP_JTG_PRG_ALLFRV_SI_CRCMMODE_OTPTSU_3_A0_1908210004.PAT:PP_XXXXX_C_IN00_EF_XXXX_EFP_JTG_PRG_ALLFRV_SI_CRCMMODE_OTPTSU_3_A0_1908210004	NO			NonExisted
	PP_XXXXX_C_IN00_EF_XXXX_EFP_JTG_PRG_ALLFRV_SI_READALL0_OTPTSU				.\PATTERN\HARD_IP\PP_XXXXX_C_IN00_EF_XXXX_EFP_JTG_PRG_ALLFRV_SI_READALL0_OTPTSU_3_A0_1908210004.PAT:PP_XXXXX_C_IN00_EF_XXXX_EFP_JTG_PRG_ALLFRV_SI_READALL0_OTPTSU_3_A0_1908210004	NO			NonExisted
	PP_XXXXX_C_IN00_JT_XXXX_WIR_JTG_UNS_ALLFRV_SI_AHB_SEL				.\PATTERN\HARD_IP\PP_XXXXX_C_IN00_JT_XXXX_WIR_JTG_UNS_ALLFRV_SI_AHB_SEL_1_A0_1908122323.PAT:PP_XXXXX_C_IN00_JT_XXXX_WIR_JTG_UNS_ALLFRV_SI_AHB_SEL_1_A0_1908122323	NO			NonExisted
	PP_XXXXX_C_IN00_JT_XXXX_WIR_JTG_UNS_ALLFRV_SI_FSM_ACTIVE				.\PATTERN\HARD_IP\PP_XXXXX_C_IN00_JT_XXXX_WIR_JTG_UNS_ALLFRV_SI_FSM_ACTIVE_1_A0_1908122323.PAT:PP_XXXXX_C_IN00_JT_XXXX_WIR_JTG_UNS_ALLFRV_SI_FSM_ACTIVE_1_A0_1908122323	NO			NonExisted
	PP_XXXXX_C_IN00_JT_XXXX_WIR_JTG_UNS_ALLFRV_SI_RSTSEQ				.\PATTERN\HARD_IP\PP_XXXXX_C_IN00_JT_XXXX_WIR_JTG_UNS_ALLFRV_SI_RSTSEQ_1_A0_1908122323.PAT:PP_XXXXX_C_IN00_JT_XXXX_WIR_JTG_UNS_ALLFRV_SI_RSTSEQ_1_A0_1908122323	NO			NonExisted
	PP_XXXXX_C_IN01_AN_XXXX_PFF_JTG_UNS_ALLFRV_SI_BYPCMPTH_BSTLQTSU				.\PATTERN\HARD_IP\PP_XXXXX_C_IN01_AN_XXXX_PFF_JTG_UNS_ALLFRV_SI_BYPCMPTH_BSTLQTSU_1_A0_1908222200.PAT:PP_XXXXX_C_IN01_AN_XXXX_PFF_JTG_UNS_ALLFRV_SI_BYPCMPTH_BSTLQTSU_1_A0_1908222200	NO			NonExisted
	PP_XXXXX_C_IN01_AN_XXXX_PFF_JTG_UNS_ALLFRV_SI_CLOSELOP_BSTLQRST				.\PATTERN\HARD_IP\PP_XXXXX_C_IN01_AN_XXXX_PFF_JTG_UNS_ALLFRV_SI_CLOSELOP_BSTLQRST_1_A0_1908222200.PAT:PP_XXXXX_C_IN01_AN_XXXX_PFF_JTG_UNS_ALLFRV_SI_CLOSELOP_BSTLQRST_1_A0_1908222200	NO			NonExisted
	PP_XXXXX_C_IN01_AN_XXXX_PFF_JTG_UNS_ALLFRV_SI_IBIASZXC_BSTLQTSU				.\PATTERN\HARD_IP\PP_XXXXX_C_IN01_AN_XXXX_PFF_JTG_UNS_ALLFRV_SI_IBIASZXC_BSTLQTSU_1_A0_1908222200.PAT:PP_XXXXX_C_IN01_AN_XXXX_PFF_JTG_UNS_ALLFRV_SI_IBIASZXC_BSTLQTSU_1_A0_1908222200	NO			NonExisted
	PP_XXXXX_C_IN01_AN_XXXX_PFF_JTG_UNS_ALLFRV_SI_LEAKAGET_BSTLQTSU				.\PATTERN\HARD_IP\PP_XXXXX_C_IN01_AN_XXXX_PFF_JTG_UNS_ALLFRV_SI_LEAKAGET_BSTLQTSU_1_A0_1908222200.PAT:PP_XXXXX_C_IN01_AN_XXXX_PFF_JTG_UNS_ALLFRV_SI_LEAKAGET_BSTLQTSU_1_A0_1908222200	NO			NonExisted
	PP_XXXXX_C_IN01_AN_XXXX_PFF_JTG_UNS_ALLFRV_SI_NMOSRONN_BSTLQTSU				.\PATTERN\HARD_IP\PP_XXXXX_C_IN01_AN_XXXX_PFF_JTG_UNS_ALLFRV_SI_NMOSRONN_BSTLQTSU_1_A0_1908222200.PAT:PP_XXXXX_C_IN01_AN_XXXX_PFF_JTG_UNS_ALLFRV_SI_NMOSRONN_BSTLQTSU_1_A0_1908222200	NO			NonExisted
	PP_XXXXX_C_IN01_AN_XXXX_PFF_JTG_UNS_ALLFRV_SI_PMOSRONN_BSTLQTSU				.\PATTERN\HARD_IP\PP_XXXXX_C_IN01_AN_XXXX_PFF_JTG_UNS_ALLFRV_SI_PMOSRONN_BSTLQTSU_1_A0_1908222200.PAT:PP_XXXXX_C_IN01_AN_XXXX_PFF_JTG_UNS_ALLFRV_SI_PMOSRONN_BSTLQTSU_1_A0_1908222200	NO			NonExisted
	PP_XXXXX_C_IN01_AN_XXXX_PFF_JTG_UNS_ALLFRV_SI_VOUTACCU_BSTLQTSU				.\PATTERN\HARD_IP\PP_XXXXX_C_IN01_AN_XXXX_PFF_JTG_UNS_ALLFRV_SI_VOUTACCU_BSTLQTSU_1_A0_1908222200.PAT:PP_XXXXX_C_IN01_AN_XXXX_PFF_JTG_UNS_ALLFRV_SI_VOUTACCU_BSTLQTSU_1_A0_1908222200	NO			NonExisted
	PP_XXXXX_C_IN01_AN_XXXX_PFF_JTG_UNS_ALLFRV_SI_VOUTOKAY_BSTLQTSU				.\PATTERN\HARD_IP\PP_XXXXX_C_IN01_AN_XXXX_PFF_JTG_UNS_ALLFRV_SI_VOUTOKAY_BSTLQTSU_1_A0_1908222200.PAT:PP_XXXXX_C_IN01_AN_XXXX_PFF_JTG_UNS_ALLFRV_SI_VOUTOKAY_BSTLQTSU_1_A0_1908222200	NO			NonExisted
	PP_XXXXX_C_IN01_AN_XXXX_PFF_JTG_UNS_ALLFRV_SI_VSAFE_BSTLQTSU				.\PATTERN\HARD_IP\PP_XXXXX_C_IN01_AN_XXXX_PFF_JTG_UNS_ALLFRV_SI_VSAFE_BSTLQTSU_1_A0_1908222200.PAT:PP_XXXXX_C_IN01_AN_XXXX_PFF_JTG_UNS_ALLFRV_SI_VSAFE_BSTLQTSU_1_A0_1908222200	NO			NonExisted
	PP_XXXXX_C_IN01_AN_XXXX_PFF_JTG_UNS_ALLFRV_SI_VTHSAFE_BSTLQTSU				.\PATTERN\HARD_IP\PP_XXXXX_C_IN01_AN_XXXX_PFF_JTG_UNS_ALLFRV_SI_VTHSAFE_BSTLQTSU_1_A0_1908222200.PAT:PP_XXXXX_C_IN01_AN_XXXX_PFF_JTG_UNS_ALLFRV_SI_VTHSAFE_BSTLQTSU_1_A0_1908222200	NO			NonExisted
	PP_XXXXX_C_IN01_AN_XXXX_PFF_JTG_UNS_ALLFRV_SI_ZEROCROS_BSTLQTSU				.\PATTERN\HARD_IP\PP_XXXXX_C_IN01_AN_XXXX_PFF_JTG_UNS_ALLFRV_SI_ZEROCROS_BSTLQTSU_1_A0_1908222200.PAT:PP_XXXXX_C_IN01_AN_XXXX_PFF_JTG_UNS_ALLFRV_SI_ZEROCROS_BSTLQTSU_1_A0_1908222200	NO			NonExisted
	PP_XXXXX_C_IN02_AN_XXXX_PFF_JTG_UNS_ALLFRV_SI_BYPCMPTH_BSTLQRST				.\PATTERN\HARD_IP\PP_XXXXX_C_IN02_AN_XXXX_PFF_JTG_UNS_ALLFRV_SI_BYPCMPTH_BSTLQRST_1_A0_1908222200.PAT:PP_XXXXX_C_IN02_AN_XXXX_PFF_JTG_UNS_ALLFRV_SI_BYPCMPTH_BSTLQRST_1_A0_1908222200	NO			NonExisted
	PP_XXXXX_C_IN02_AN_XXXX_PFF_JTG_UNS_ALLFRV_SI_IBIASZXC_BSTLQRST				.\PATTERN\HARD_IP\PP_XXXXX_C_IN02_AN_XXXX_PFF_JTG_UNS_ALLFRV_SI_IBIASZXC_BSTLQRST_1_A0_1908222200.PAT:PP_XXXXX_C_IN02_AN_XXXX_PFF_JTG_UNS_ALLFRV_SI_IBIASZXC_BSTLQRST_1_A0_1908222200	NO			NonExisted
	PP_XXXXX_C_IN02_AN_XXXX_PFF_JTG_UNS_ALLFRV_SI_LEAKAGET_BSTLQRST				.\PATTERN\HARD_IP\PP_XXXXX_C_IN02_AN_XXXX_PFF_JTG_UNS_ALLFRV_SI_LEAKAGET_BSTLQRST_1_A0_1908222200.PAT:PP_XXXXX_C_IN02_AN_XXXX_PFF_JTG_UNS_ALLFRV_SI_LEAKAGET_BSTLQRST_1_A0_1908222200	NO			NonExisted
	PP_XXXXX_C_IN02_AN_XXXX_PFF_JTG_UNS_ALLFRV_SI_NMOSRONN_BSTLQRST				.\PATTERN\HARD_IP\PP_XXXXX_C_IN02_AN_XXXX_PFF_JTG_UNS_ALLFRV_SI_NMOSRONN_BSTLQRST_1_A0_1908222200.PAT:PP_XXXXX_C_IN02_AN_XXXX_PFF_JTG_UNS_ALLFRV_SI_NMOSRONN_BSTLQRST_1_A0_1908222200	NO			NonExisted
	PP_XXXXX_C_IN02_AN_XXXX_PFF_JTG_UNS_ALLFRV_SI_PMOSRONN_BSTLQRST				.\PATTERN\HARD_IP\PP_XXXXX_C_IN02_AN_XXXX_PFF_JTG_UNS_ALLFRV_SI_PMOSRONN_BSTLQRST_1_A0_1908222200.PAT:PP_XXXXX_C_IN02_AN_XXXX_PFF_JTG_UNS_ALLFRV_SI_PMOSRONN_BSTLQRST_1_A0_1908222200	NO			NonExisted
	PP_XXXXX_C_IN02_AN_XXXX_PFF_JTG_UNS_ALLFRV_SI_VOUTOKAY_BSTLQRST				.\PATTERN\HARD_IP\PP_XXXXX_C_IN02_AN_XXXX_PFF_JTG_UNS_ALLFRV_SI_VOUTOKAY_BSTLQRST_1_A0_1908222200.PAT:PP_XXXXX_C_IN02_AN_XXXX_PFF_JTG_UNS_ALLFRV_SI_VOUTOKAY_BSTLQRST_1_A0_1908222200	NO			NonExisted
	PP_XXXXX_C_IN02_AN_XXXX_PFF_JTG_UNS_ALLFRV_SI_VSAFE_BSTLQRST				.\PATTERN\HARD_IP\PP_XXXXX_C_IN02_AN_XXXX_PFF_JTG_UNS_ALLFRV_SI_VSAFE_BSTLQRST_1_A0_1908222200.PAT:PP_XXXXX_C_IN02_AN_XXXX_PFF_JTG_UNS_ALLFRV_SI_VSAFE_BSTLQRST_1_A0_1908222200	NO			NonExisted
	PP_XXXXX_C_IN02_AN_XXXX_PFF_JTG_UNS_ALLFRV_SI_VTHSAFE_BSTLQRST				.\PATTERN\HARD_IP\PP_XXXXX_C_IN02_AN_XXXX_PFF_JTG_UNS_ALLFRV_SI_VTHSAFE_BSTLQRST_1_A0_1908222200.PAT:PP_XXXXX_C_IN02_AN_XXXX_PFF_JTG_UNS_ALLFRV_SI_VTHSAFE_BSTLQRST_1_A0_1908222200	NO			NonExisted
	PP_XXXXX_C_IN03_AN_XXXX_PFF_JTG_UNS_ALLFRV_SI_VOUTACCU_BSTLQRST				.\PATTERN\HARD_IP\PP_XXXXX_C_IN03_AN_XXXX_PFF_JTG_UNS_ALLFRV_SI_VOUTACCU_BSTLQRST_1_A0_1908222200.PAT:PP_XXXXX_C_IN03_AN_XXXX_PFF_JTG_UNS_ALLFRV_SI_VOUTACCU_BSTLQRST_1_A0_1908222200	NO			NonExisted
	PP_XXXXX_C_IN03_AN_XXXX_PFF_JTG_UNS_ALLFRV_SI_ZEROCROS_BSTLQRST				.\PATTERN\HARD_IP\PP_XXXXX_C_IN03_AN_XXXX_PFF_JTG_UNS_ALLFRV_SI_ZEROCROS_BSTLQRST_1_A0_1908222200.PAT:PP_XXXXX_C_IN03_AN_XXXX_PFF_JTG_UNS_ALLFRV_SI_ZEROCROS_BSTLQRST_1_A0_1908222200	NO			NonExisted
	PP_XXXXX_C_PL00_EF_XXXX_EFP_JTG_PRG_ALLFRV_SI_OTPWRRD_DSC				.\PATTERN\HARD_IP\PP_XXXXX_C_PL00_EF_XXXX_EFP_JTG_PRG_ALLFRV_SI_OTPWRRD_DSC_3_A0_1908210004.PAT:PP_XXXXX_C_PL00_EF_XXXX_EFP_JTG_PRG_ALLFRV_SI_OTPWRRD_DSC_3_A0_1908210004	NO			NonExisted
	PP_XXXXX_C_PL00_EF_XXXX_EFP_JTG_PRG_ALLFRV_SI_RDMGNOFF_OTPDSC				.\PATTERN\HARD_IP\PP_XXXXX_C_PL00_EF_XXXX_EFP_JTG_PRG_ALLFRV_SI_RDMGNOFF_OTPDSC_3_A0_1908210004.PAT:PP_XXXXX_C_PL00_EF_XXXX_EFP_JTG_PRG_ALLFRV_SI_RDMGNOFF_OTPDSC_3_A0_1908210004	NO			NonExisted
	PP_XXXXX_C_PL00_EF_XXXX_EFP_JTG_PRG_ALLFRV_SI_READALL_OTPDSC				.\PATTERN\HARD_IP\PP_XXXXX_C_PL00_EF_XXXX_EFP_JTG_PRG_ALLFRV_SI_READALL_OTPDSC_3_A0_1908210004.PAT:PP_XXXXX_C_PL00_EF_XXXX_EFP_JTG_PRG_ALLFRV_SI_READALL_OTPDSC_3_A0_1908210004	NO			NonExisted
	PP_XXXXX_C_PL00_EF_XXXX_EFP_JTG_PRG_ALLFRV_SI_WRALL_OTPDSC				.\PATTERN\HARD_IP\PP_XXXXX_C_PL00_EF_XXXX_EFP_JTG_PRG_ALLFRV_SI_WRALL_OTPDSC_3_A0_1908210004.PAT:PP_XXXXX_C_PL00_EF_XXXX_EFP_JTG_PRG_ALLFRV_SI_WRALL_OTPDSC_3_A0_1908210004	NO			NonExisted
	PP_XXXXX_C_PL00_SC_CL00_SAA_COM_AUT_ALLFRV_SI_TDF_TSU				.\PATTERN\CPU_SCAN\PP_XXXXX_C_PL00_SC_CL00_SAA_COM_AUT_ALLFRV_SI_TDF_TSU_3_A0_1910241455.PAT:PP_XXXXX_C_PL00_SC_CL00_SAA_COM_AUT_ALLFRV_SI_TDF_TSU_3_A0_1910241455	NO			NonExisted
	PP_XXXXX_C_PL01_EF_XXXX_EFP_JTG_PRG_ALLFRV_SI_CRCMMODE_OTPDSC				.\PATTERN\HARD_IP\PP_XXXXX_C_PL01_EF_XXXX_EFP_JTG_PRG_ALLFRV_SI_CRCMMODE_OTPDSC_3_A0_1908210004.PAT:PP_XXXXX_C_PL01_EF_XXXX_EFP_JTG_PRG_ALLFRV_SI_CRCMMODE_OTPDSC_3_A0_1908210004	NO			NonExisted
	PP_XXXXX_C_PL01_EF_XXXX_EFP_JTG_PRG_ALLFRV_SI_OTPWRRD_DSC				.\PATTERN\HARD_IP\PP_XXXXX_C_PL01_EF_XXXX_EFP_JTG_PRG_ALLFRV_SI_OTPWRRD_DSC_3_A0_1908210004.PAT:PP_XXXXX_C_PL01_EF_XXXX_EFP_JTG_PRG_ALLFRV_SI_OTPWRRD_DSC_3_A0_1908210004	NO			NonExisted
	PP_XXXXX_C_PL02_AN_XXXX_PFF_JTG_UNS_ALLFRV_SI_VOUTACCU_BSTLQDSC				.\PATTERN\HARD_IP\PP_XXXXX_C_PL02_AN_XXXX_PFF_JTG_UNS_ALLFRV_SI_VOUTACCU_BSTLQDSC_1_A0_1908222200.PAT:PP_XXXXX_C_PL02_AN_XXXX_PFF_JTG_UNS_ALLFRV_SI_VOUTACCU_BSTLQDSC_1_A0_1908222200	NO			NonExisted
	PP_XXXXX_C_PL02_AN_XXXX_PFF_JTG_UNS_ALLFRV_SI_ZEROCROS_BSTLQDSC				.\PATTERN\HARD_IP\PP_XXXXX_C_PL02_AN_XXXX_PFF_JTG_UNS_ALLFRV_SI_ZEROCROS_BSTLQDSC_1_A0_1908222200.PAT:PP_XXXXX_C_PL02_AN_XXXX_PFF_JTG_UNS_ALLFRV_SI_ZEROCROS_BSTLQDSC_1_A0_1908222200	NO			NonExisted
